Archive member included to satisfy reference by file (symbol)

/opt/libdragon/bin/../lib/gcc/mips64-elf/14.2.0/../../../../mips64-elf/lib/libdragon.a(n64sys.o)
                              build/N64GameEngine.o (__boot_consoletype)
/opt/libdragon/bin/../lib/gcc/mips64-elf/14.2.0/../../../../mips64-elf/lib/libdragon.a(interrupt.o)
                              /opt/libdragon/bin/../lib/gcc/mips64-elf/14.2.0/../../../../mips64-elf/lib/libdragon.a(n64sys.o) (disable_interrupts)
/opt/libdragon/bin/../lib/gcc/mips64-elf/14.2.0/../../../../mips64-elf/lib/libdragon.a(fmath.o)
                              build/main.o (fm_sinf)
/opt/libdragon/bin/../lib/gcc/mips64-elf/14.2.0/../../../../mips64-elf/lib/libdragon.a(entrypoint.o)
                              (_start)
/opt/libdragon/bin/../lib/gcc/mips64-elf/14.2.0/../../../../mips64-elf/lib/libdragon.a(debug.o)
                              build/N64GameEngine.o (debug_init_usblog)
/opt/libdragon/bin/../lib/gcc/mips64-elf/14.2.0/../../../../mips64-elf/lib/libdragon.a(usb.o)
                              /opt/libdragon/bin/../lib/gcc/mips64-elf/14.2.0/../../../../mips64-elf/lib/libdragon.a(debug.o) (usb_write)
/opt/libdragon/bin/../lib/gcc/mips64-elf/14.2.0/../../../../mips64-elf/lib/libdragon.a(cart.o)
                              /opt/libdragon/bin/../lib/gcc/mips64-elf/14.2.0/../../../../mips64-elf/lib/libdragon.a(debug.o) (cart_init)
/opt/libdragon/bin/../lib/gcc/mips64-elf/14.2.0/../../../../mips64-elf/lib/libdragon.a(ff.o)
                              /opt/libdragon/bin/../lib/gcc/mips64-elf/14.2.0/../../../../mips64-elf/lib/libdragon.a(debug.o) (f_mount)
/opt/libdragon/bin/../lib/gcc/mips64-elf/14.2.0/../../../../mips64-elf/lib/libdragon.a(ffunicode.o)
                              /opt/libdragon/bin/../lib/gcc/mips64-elf/14.2.0/../../../../mips64-elf/lib/libdragon.a(ff.o) (ff_uni2oem)
/opt/libdragon/bin/../lib/gcc/mips64-elf/14.2.0/../../../../mips64-elf/lib/libdragon.a(fat.o)
                              /opt/libdragon/bin/../lib/gcc/mips64-elf/14.2.0/../../../../mips64-elf/lib/libdragon.a(ff.o) (disk_initialize)
/opt/libdragon/bin/../lib/gcc/mips64-elf/14.2.0/../../../../mips64-elf/lib/libdragon.a(dragonfs.o)
                              build/N64GameEngine.o (dfs_init)
/opt/libdragon/bin/../lib/gcc/mips64-elf/14.2.0/../../../../mips64-elf/lib/libdragon.a(display.o)
                              build/N64GameEngine.o (display_init)
/opt/libdragon/bin/../lib/gcc/mips64-elf/14.2.0/../../../../mips64-elf/lib/libdragon.a(surface.o)
                              /opt/libdragon/bin/../lib/gcc/mips64-elf/14.2.0/../../../../mips64-elf/lib/libdragon.a(display.o) (surface_alloc)
/opt/libdragon/bin/../lib/gcc/mips64-elf/14.2.0/../../../../mips64-elf/lib/libdragon.a(asset.o)
                              build/N64GameEngine.o (__asset_init_compression_lvl2)
/opt/libdragon/bin/../lib/gcc/mips64-elf/14.2.0/../../../../mips64-elf/lib/libdragon.a(lz4_dec.o)
                              /opt/libdragon/bin/../lib/gcc/mips64-elf/14.2.0/../../../../mips64-elf/lib/libdragon.a(asset.o) (decompress_lz4_full_inplace)
/opt/libdragon/bin/../lib/gcc/mips64-elf/14.2.0/../../../../mips64-elf/lib/libdragon.a(lz4_dec_fast.o)
                              /opt/libdragon/bin/../lib/gcc/mips64-elf/14.2.0/../../../../mips64-elf/lib/libdragon.a(lz4_dec.o) (decompress_lz4_full_fast)
/opt/libdragon/bin/../lib/gcc/mips64-elf/14.2.0/../../../../mips64-elf/lib/libdragon.a(ringbuf.o)
                              /opt/libdragon/bin/../lib/gcc/mips64-elf/14.2.0/../../../../mips64-elf/lib/libdragon.a(lz4_dec.o) (__ringbuf_init)
/opt/libdragon/bin/../lib/gcc/mips64-elf/14.2.0/../../../../mips64-elf/lib/libdragon.a(aplib_dec.o)
                              /opt/libdragon/bin/../lib/gcc/mips64-elf/14.2.0/../../../../mips64-elf/lib/libdragon.a(asset.o) (decompress_aplib_init)
/opt/libdragon/bin/../lib/gcc/mips64-elf/14.2.0/../../../../mips64-elf/lib/libdragon.a(shrinkler_dec.o)
                              /opt/libdragon/bin/../lib/gcc/mips64-elf/14.2.0/../../../../mips64-elf/lib/libdragon.a(asset.o) (decompress_shrinkler_full_inplace)
/opt/libdragon/bin/../lib/gcc/mips64-elf/14.2.0/../../../../mips64-elf/lib/libdragon.a(joypad.o)
                              build/N64GameEngine.o (joypad_poll)
/opt/libdragon/bin/../lib/gcc/mips64-elf/14.2.0/../../../../mips64-elf/lib/libdragon.a(joypad_accessory.o)
                              /opt/libdragon/bin/../lib/gcc/mips64-elf/14.2.0/../../../../mips64-elf/lib/libdragon.a(joypad.o) (joypad_accessory_detect_async)
/opt/libdragon/bin/../lib/gcc/mips64-elf/14.2.0/../../../../mips64-elf/lib/libdragon.a(controller.o)
                              build/N64GameEngine.o (controller_init)
/opt/libdragon/bin/../lib/gcc/mips64-elf/14.2.0/../../../../mips64-elf/lib/libdragon.a(rsp.o)
                              /opt/libdragon/bin/../lib/gcc/mips64-elf/14.2.0/../../../../mips64-elf/lib/libdragon.a(display.o) (__rsp_crash)
[...]
Memory Configuration

Name             Origin             Length             Attributes
*default*        0x00000000         0xffffffff

Linker script and memory map

LOAD /opt/libdragon/bin/../lib/gcc/mips64-elf/14.2.0/crti.o
LOAD /opt/libdragon/bin/../lib/gcc/mips64-elf/14.2.0/crtbegin.o
LOAD build/main.o
LOAD build/N64GameEngine.o
LOAD build/MathUtils.o
LOAD /media/andrew/1D8E170E787C927A/Programming/C/N64GameEngine/tiny3d//build/libt3d.a
LOAD /opt/libdragon/bin/../lib/gcc/mips64-elf/14.2.0/../../../../mips64-elf/lib/libdragon.a
LOAD /opt/libdragon/bin/../lib/gcc/mips64-elf/14.2.0/../../../../mips64-elf/lib/libm.a
LOAD /opt/libdragon/bin/../lib/gcc/mips64-elf/14.2.0/../../../../mips64-elf/lib/libdragonsys.a

.intvectors     0x80000000      0x188
                0x80000000                        . = ALIGN (0x20)
 *(.intvectors)
 .intvectors    0x80000000      0x188 /opt/libdragon/bin/../lib/gcc/mips64-elf/14.2.0/../../../../mips64-elf/lib/libdragon.a(inthandler.o)
                0x80000188                        __intvectors_end = .

.text           0x80000400    0x358b0
                0x80000400                        __text_start = .
 *(.boot)
 .boot          0x80000400       0x74 /opt/libdragon/bin/../lib/gcc/mips64-elf/14.2.0/../../../../mips64-elf/lib/libdragon.a(entrypoint.o)
                0x80000400                _start
                0x80000480                        . = ALIGN (0x10)
 *fill*         0x80000474        0xc 
 *(.text)
 .text          0x80000480      0x400 /opt/libdragon/bin/../lib/gcc/mips64-elf/14.2.0/../../../../mips64-elf/lib/libdragon.a(inthandler.o)
                0x80000480                inthandler
                0x80000880                inthandler_end
 .text          0x80000880      0x100 /opt/libdragon/bin/../lib/gcc/mips64-elf/14.2.0/../../../../mips64-elf/lib/libm.a(libm_a-s_cos.o)
                0x80000880                cos
 .text          0x80000980      0x1c0 /opt/libdragon/bin/../lib/gcc/mips64-elf/14.2.0/../../../../mips64-elf/lib/libm.a(libm_a-s_floor.o)
                0x80000980                floor
 .text          0x80000b40      0x108 /opt/libdragon/bin/../lib/gcc/mips64-elf/14.2.0/../../../../mips64-elf/lib/libm.a(libm_a-s_sin.o)
                0x80000b40                sin
 .text          0x80000c48       0x20 /opt/libdragon/bin/../lib/gcc/mips64-elf/14.2.0/../../../../mips64-elf/lib/libm.a(libm_a-sf_fabs.o)
                0x80000c48                fabsf
 .text          0x80000c68      0x110 /opt/libdragon/bin/../lib/gcc/mips64-elf/14.2.0/../../../../mips64-elf/lib/libm.a(libm_a-sf_floor.o)
                0x80000c68                floorf
 .text          0x80000d78       0x80 /opt/libdragon/bin/../lib/gcc/mips64-elf/14.2.0/../../../../mips64-elf/lib/libm.a(libm_a-sf_tan.o)
                0x80000d78                tanf
 .text          0x80000df8       0x98 /opt/libdragon/bin/../lib/gcc/mips64-elf/14.2.0/../../../../mips64-elf/lib/libm.a(libm_a-sf_round.o)
                0x80000df8                roundf
 .text          0x80000e90      0x190 /opt/libdragon/bin/../lib/gcc/mips64-elf/14.2.0/../../../../mips64-elf/lib/libm.a(libm_a-k_cos.o)
                0x80000e90                __kernel_cos
 .text          0x80001020       0xd0 /opt/libdragon/bin/../lib/gcc/mips64-elf/14.2.0/../../../../mips64-elf/lib/libm.a(libm_a-k_sin.o)
                0x80001020                __kernel_sin
 .text          0x800010f0      0x370 /opt/libdragon/bin/../lib/gcc/mips64-elf/14.2.0/../../../../mips64-elf/lib/libm.a(libm_a-e_rem_pio2.o)
                0x800010f0                __ieee754_rem_pio2
 .text          0x80001460       0x30 /opt/libdragon/bin/../lib/gcc/mips64-elf/14.2.0/../../../../mips64-elf/lib/libm.a(libm_a-s_fabs.o)
                0x80001460                fabs
 .text          0x80001490      0x2b0 /opt/libdragon/bin/../lib/gcc/mips64-elf/14.2.0/../../../../mips64-elf/lib/libm.a(libm_a-kf_tan.o)
                0x80001490                __kernel_tanf
 .text          0x80001740      0x370 /opt/libdragon/bin/../lib/gcc/mips64-elf/14.2.0/../../../../mips64-elf/lib/libm.a(libm_a-ef_rem_pio2.o)
                0x80001740                __ieee754_rem_pio2f
 .text          0x80001ab0      0x9d8 /opt/libdragon/bin/../lib/gcc/mips64-elf/14.2.0/../../../../mips64-elf/lib/libm.a(libm_a-k_rem_pio2.o)
                0x80001ab0                __kernel_rem_pio2
 .text          0x80002488      0x9a0 /opt/libdragon/bin/../lib/gcc/mips64-elf/14.2.0/../../../../mips64-elf/lib/libm.a(libm_a-kf_rem_pio2.o)
                0x80002488                __kernel_rem_pio2f
 .text          0x80002e28      0x1b0 /opt/libdragon/bin/../lib/gcc/mips64-elf/14.2.0/../../../../mips64-elf/lib/libm.a(libm_a-s_scalbn.o)
                0x80002e28                scalbn
 .text          0x80002fd8      0x188 /opt/libdragon/bin/../lib/gcc/mips64-elf/14.2.0/../../../../mips64-elf/lib/libm.a(libm_a-sf_scalbn.o)
                0x80002fd8                scalbnf
 .text          0x80003160       0x18 /opt/libdragon/bin/../lib/gcc/mips64-elf/14.2.0/../../../../mips64-elf/lib/libc.a(libc_a-abort.o)
                0x80003160                abort
 .text          0x80003178       0x18 /opt/libdragon/bin/../lib/gcc/mips64-elf/14.2.0/../../../../mips64-elf/lib/libc.a(libc_a-calloc.o)
                0x80003178                calloc
 .text          0x80003190      0x120 /opt/libdragon/bin/../lib/gcc/mips64-elf/14.2.0/../../../../mips64-elf/lib/libc.a(libc_a-callocr.o)
                0x80003190                _calloc_r
 .text          0x800032b0       0x20 /opt/libdragon/bin/../lib/gcc/mips64-elf/14.2.0/../../../../mips64-elf/lib/libc.a(libc_a-malloc.o)
                0x800032b0                malloc
                0x800032c0                free
 .text          0x800032d0      0x8c8 /opt/libdragon/bin/../lib/gcc/mips64-elf/14.2.0/../../../../mips64-elf/lib/libc.a(libc_a-mallocr.o)
                0x800032d0                _malloc_r
 .text          0x80003b98       0x20 /opt/libdragon/bin/../lib/gcc/mips64-elf/14.2.0/../../../../mips64-elf/lib/libc.a(libc_a-mlock.o)
                0x80003b98                __malloc_lock
                0x80003ba8                __malloc_unlock
 .text          0x80003bb8       0xc0 /opt/libdragon/bin/../lib/gcc/mips64-elf/14.2.0/../../../../mips64-elf/lib/libc.a(libc_a-mstats.o)
                0x80003bb8                mallinfo
                0x80003be8                malloc_stats
                0x80003bf0                mallopt
                0x80003c08                _mstats_r
                0x80003c40                mstats
 .text          0x80003c78       0x18 /opt/libdragon/bin/../lib/gcc/mips64-elf/14.2.0/../../../../mips64-elf/lib/libc.a(libc_a-realloc.o)
                0x80003c78                realloc
 .text          0x80003c90      0x600 /opt/libdragon/bin/../lib/gcc/mips64-elf/14.2.0/../../../../mips64-elf/lib/libc.a(libc_a-reallocr.o)
                0x80003c90                _realloc_r
 .text          0x80004290       0x18 /opt/libdragon/bin/../lib/gcc/mips64-elf/14.2.0/../../../../mips64-elf/lib/libc.a(libc_a-malign.o)
                0x80004290                memalign
 .text          0x800042a8      0x200 /opt/libdragon/bin/../lib/gcc/mips64-elf/14.2.0/../../../../mips64-elf/lib/libc.a(libc_a-malignr.o)
                0x800042a8                _memalign_r
 .text          0x800044a8       0xf8 /opt/libdragon/bin/../lib/gcc/mips64-elf/14.2.0/../../../../mips64-elf/lib/libc.a(libc_a-malloptr.o)
                0x800044a8                _mallopt_r
 .text          0x800045a0      0xb00 /opt/libdragon/bin/../lib/gcc/mips64-elf/14.2.0/../../../../mips64-elf/lib/libc.a(libc_a-qsort.o)
                0x800045a0                qsort
 .text          0x800050a0       0x68 /opt/libdragon/bin/../lib/gcc/mips64-elf/14.2.0/../../../../mips64-elf/lib/libc.a(libc_a-fiprintf.o)
                0x800050a0                _fiprintf_r
                0x800050c8                fiprintf
 .text          0x80005108     0x2a08 /opt/libdragon/bin/../lib/gcc/mips64-elf/14.2.0/../../../../mips64-elf/lib/libc.a(libc_a-vfprintf.o)
                0x80005108                _vfprintf_r
                0x800079f8                vfprintf
 .text          0x80007b10     0x1500 /opt/libdragon/bin/../lib/gcc/mips64-elf/14.2.0/../../../../mips64-elf/lib/libc.a(libc_a-vfiprintf.o)
                0x80007b10                _vfiprintf_r
                0x80008ef8                vfiprintf
 .text          0x80009010       0x40 /opt/libdragon/bin/../lib/gcc/mips64-elf/14.2.0/../../../../mips64-elf/lib/libc.a(libc_a-sprint_r.o)
                0x80009010                __sprint_r
 .text          0x80009050      0x1b0 /opt/libdragon/bin/../lib/gcc/mips64-elf/14.2.0/../../../../mips64-elf/lib/libc.a(libc_a-fclose.o)
                0x80009050                _fclose_r
                0x800091f0                fclose
 .text          0x80009200      0x458 /opt/libdragon/bin/../lib/gcc/mips64-elf/14.2.0/../../../../mips64-elf/lib/libc.a(libc_a-fflush.o)
                0x80009200                __sflush_r
                0x80009458                _fflush_r
                0x80009560                fflush
 .text          0x80009658      0x510 /opt/libdragon/bin/../lib/gcc/mips64-elf/14.2.0/../../../../mips64-elf/lib/libc.a(libc_a-findfp.o)
                0x800098f0                __sfp
                0x80009a60                __sinit
                0x80009ad8                __sfp_lock_acquire
                0x80009ae8                __sfp_lock_release
                0x80009af8                __fp_lock_all
                0x80009b30                __fp_unlock_all
 .text          0x80009b68       0x68 /opt/libdragon/bin/../lib/gcc/mips64-elf/14.2.0/../../../../mips64-elf/lib/libc.a(libc_a-fprintf.o)
                0x80009b68                _fprintf_r
                0x80009b90                fprintf
 .text          0x80009bd0      0x190 /opt/libdragon/bin/../lib/gcc/mips64-elf/14.2.0/../../../../mips64-elf/lib/libc.a(libc_a-fputc.o)
                0x80009bd0                _fputc_r
                0x80009c98                fputc
 .text          0x80009d60      0x508 /opt/libdragon/bin/../lib/gcc/mips64-elf/14.2.0/../../../../mips64-elf/lib/libc.a(libc_a-fvwrite.o)
                0x80009d60                __sfvwrite_r
 .text          0x8000a268       0xc0 /opt/libdragon/bin/../lib/gcc/mips64-elf/14.2.0/../../../../mips64-elf/lib/libc.a(libc_a-fwalk.o)
                0x8000a268                _fwalk_sglue
 .text          0x8000a328      0x250 /opt/libdragon/bin/../lib/gcc/mips64-elf/14.2.0/../../../../mips64-elf/lib/libc.a(libc_a-fwrite.o)
                0x8000a328                _fwrite_r
                0x8000a548                fwrite
 .text          0x8000a578       0x78 /opt/libdragon/bin/../lib/gcc/mips64-elf/14.2.0/../../../../mips64-elf/lib/libc.a(libc_a-printf.o)
                0x8000a578                _printf_r
                0x8000a5b0                printf
 .text          0x8000a5f0      0x240 /opt/libdragon/bin/../lib/gcc/mips64-elf/14.2.0/../../../../mips64-elf/lib/libc.a(libc_a-putc.o)
                0x8000a5f0                _putc_r
                0x8000a700                putc
 .text          0x8000a830       0x20 /opt/libdragon/bin/../lib/gcc/mips64-elf/14.2.0/../../../../mips64-elf/lib/libc.a(libc_a-putchar.o)
                0x8000a830                _putchar_r
                0x8000a838                putchar
 .text          0x8000a850      0x1a8 /opt/libdragon/bin/../lib/gcc/mips64-elf/14.2.0/../../../../mips64-elf/lib/libc.a(libc_a-puts.o)
                0x8000a850                _puts_r
                0x8000a9e8                puts
 .text          0x8000a9f8      0x2f0 /opt/libdragon/bin/../lib/gcc/mips64-elf/14.2.0/../../../../mips64-elf/lib/libc.a(libc_a-setvbuf.o)
                0x8000a9f8                setvbuf
 .text          0x8000ace8      0x1c8 /opt/libdragon/bin/../lib/gcc/mips64-elf/14.2.0/../../../../mips64-elf/lib/libc.a(libc_a-snprintf.o)
                0x8000ace8                _snprintf_r
                0x8000adc8                snprintf
 .text          0x8000aeb0       0xe0 /opt/libdragon/bin/../lib/gcc/mips64-elf/14.2.0/../../../../mips64-elf/lib/libc.a(libc_a-sprintf.o)
                0x8000aeb0                _sprintf_r
                0x8000af18                sprintf
 .text          0x8000af90      0x190 /opt/libdragon/bin/../lib/gcc/mips64-elf/14.2.0/../../../../mips64-elf/lib/libc.a(libc_a-stdio.o)
                0x8000af90                __sread
                0x8000afe8                __seofread
                0x8000aff0                __swrite
                0x8000b0b0                __sseek
                0x8000b118                __sclose
 .text          0x8000b120       0x30 /opt/libdragon/bin/../lib/gcc/mips64-elf/14.2.0/../../../../mips64-elf/lib/libc.a(libc_a-vprintf.o)
                0x8000b120                vprintf
                0x8000b138                _vprintf_r
 .text          0x8000b150      0x1d0 /opt/libdragon/bin/../lib/gcc/mips64-elf/14.2.0/../../../../mips64-elf/lib/libc.a(libc_a-wbuf.o)
                0x8000b150                __swbuf_r
                0x8000b308                __swbuf
 .text          0x8000b320      0x1e0 /opt/libdragon/bin/../lib/gcc/mips64-elf/14.2.0/../../../../mips64-elf/lib/libc.a(libc_a-wsetup.o)
                0x8000b320                __swsetup_r
 .text          0x8000b500      0x168 /opt/libdragon/bin/../lib/gcc/mips64-elf/14.2.0/../../../../mips64-elf/lib/libc.a(libc_a-vasnprintf.o)
                0x8000b500                _vasnprintf_r
                0x8000b5b0                vasnprintf
 .text          0x8000b668       0xf0 /opt/libdragon/bin/../lib/gcc/mips64-elf/14.2.0/../../../../mips64-elf/lib/libc.a(libc_a-memchr.o)
                0x8000b668                memchr
 .text          0x8000b758       0x80 /opt/libdragon/bin/../lib/gcc/mips64-elf/14.2.0/../../../../mips64-elf/lib/libc.a(libc_a-memcmp.o)
                0x8000b758                memcmp
 .text          0x8000b7d8      0x168 /opt/libdragon/bin/../lib/gcc/mips64-elf/14.2.0/../../../../mips64-elf/lib/libc.a(libc_a-memmove.o)
                0x8000b7d8                memmove
 .text          0x8000b940       0x98 /opt/libdragon/bin/../lib/gcc/mips64-elf/14.2.0/../../../../mips64-elf/lib/libc.a(libc_a-strcat.o)
                0x8000b940                strcat
 .text          0x8000b9d8      0x188 /opt/libdragon/bin/../lib/gcc/mips64-elf/14.2.0/../../../../mips64-elf/lib/libc.a(libc_a-strchr.o)
                0x8000b9d8                strchr
 .text          0x8000bb60       0xa8 /opt/libdragon/bin/../lib/gcc/mips64-elf/14.2.0/../../../../mips64-elf/lib/libc.a(libc_a-strcpy.o)
                0x8000bb60                strcpy
 .text          0x8000bc08      0x460 /opt/libdragon/bin/../lib/gcc/mips64-elf/14.2.0/../../../../mips64-elf/lib/libc.a(libc_a-strerror.o)
                0x8000bc08                _strerror_r
                0x8000c038                strerror
                0x8000c050                strerror_l
 .text          0x8000c068       0x70 /opt/libdragon/bin/../lib/gcc/mips64-elf/14.2.0/../../../../mips64-elf/lib/libc.a(libc_a-strrchr.o)
                0x8000c068                strrchr
 .text          0x8000c0d8      0xbb8 /opt/libdragon/bin/../lib/gcc/mips64-elf/14.2.0/../../../../mips64-elf/lib/libc.a(libc_a-strstr.o)
                0x8000c990                strstr
 .text          0x8000cc90        0x8 /opt/libdragon/bin/../lib/gcc/mips64-elf/14.2.0/../../../../mips64-elf/lib/libc.a(libc_a-u_strerr.o)
                0x8000cc90                _user_strerror
 .text          0x8000cc98       0x90 /opt/libdragon/bin/../lib/gcc/mips64-elf/14.2.0/../../../../mips64-elf/lib/libc.a(libc_a-stpcpy.o)
                0x8000cc98                stpcpy
 .text          0x8000cd28      0x598 /opt/libdragon/bin/../lib/gcc/mips64-elf/14.2.0/../../../../mips64-elf/lib/libc.a(libc_a-signal.o)
                0x8000cd28                _init_signal_r
                0x8000cd90                _signal_r
                0x8000ce40                _raise_r
                0x8000cef8                __sigtramp_r
                0x8000cfe8                raise
                0x8000d0b0                signal
                0x8000d168                _init_signal
                0x8000d1d8                __sigtramp
 .text          0x8000d2c0       0x28 /opt/libdragon/bin/../lib/gcc/mips64-elf/14.2.0/../../../../mips64-elf/lib/libc.a(libc_a-localeconv.o)
                0x8000d2c0                __localeconv_l
                0x8000d2c8                _localeconv_r
                0x8000d2d8                localeconv
 .text          0x8000d2e8       0x50 /opt/libdragon/bin/../lib/gcc/mips64-elf/14.2.0/../../../../mips64-elf/lib/libc.a(libc_a-closer.o)
                0x8000d2e8                _close_r
 .text          0x8000d338       0x58 /opt/libdragon/bin/../lib/gcc/mips64-elf/14.2.0/../../../../mips64-elf/lib/libc.a(libc_a-fstatr.o)
                0x8000d338                _fstat_r
 .text          0x8000d390       0x60 /opt/libdragon/bin/../lib/gcc/mips64-elf/14.2.0/../../../../mips64-elf/lib/libc.a(libc_a-lseekr.o)
                0x8000d390                _lseek_r
 .text          0x8000d3f0       0x60 /opt/libdragon/bin/../lib/gcc/mips64-elf/14.2.0/../../../../mips64-elf/lib/libc.a(libc_a-readr.o)
                0x8000d3f0                _read_r
 .text          0x8000d450       0x60 /opt/libdragon/bin/../lib/gcc/mips64-elf/14.2.0/../../../../mips64-elf/lib/libc.a(libc_a-signalr.o)
                0x8000d450                _kill_r
                0x8000d4a8                _getpid_r
 .text          0x8000d4b0       0x50 /opt/libdragon/bin/../lib/gcc/mips64-elf/14.2.0/../../../../mips64-elf/lib/libc.a(libc_a-sbrkr.o)
                0x8000d4b0                _sbrk_r
 .text          0x8000d500       0x60 /opt/libdragon/bin/../lib/gcc/mips64-elf/14.2.0/../../../../mips64-elf/lib/libc.a(libc_a-writer.o)
                0x8000d500                _write_r
 .text          0x8000d560        0x8 /opt/libdragon/bin/../lib/gcc/mips64-elf/14.2.0/../../../../mips64-elf/lib/libc.a(libc_a-errno.o)
                0x8000d560                __errno
 .text          0x8000d568       0x18 /opt/libdragon/bin/../lib/gcc/mips64-elf/14.2.0/../../../../mips64-elf/lib/libc.a(libc_a-strlen.o)
                0x8000d568                strlen
 .text          0x8000d580      0x240 /opt/libdragon/bin/../lib/gcc/mips64-elf/14.2.0/../../../../mips64-elf/lib/libc.a(libc_a-strcmp.o)
                0x8000d580                strcmp
 .text          0x8000d7c0      0x11c /opt/libdragon/bin/../lib/gcc/mips64-elf/14.2.0/../../../../mips64-elf/lib/libc.a(libc_a-memset.o)
                0x8000d7c0                memset
 .text          0x8000d8dc      0x370 /opt/libdragon/bin/../lib/gcc/mips64-elf/14.2.0/../../../../mips64-elf/lib/libc.a(libc_a-memcpy.o)
                0x8000d8dc                memcpy
 *fill*         0x8000dc4c        0x4 
 .text          0x8000dc50     0x1810 /opt/libdragon/bin/../lib/gcc/mips64-elf/14.2.0/../../../../mips64-elf/lib/libc.a(libc_a-dtoa.o)
                0x8000dea0                _dtoa_r
 .text          0x8000f460      0x470 /opt/libdragon/bin/../lib/gcc/mips64-elf/14.2.0/../../../../mips64-elf/lib/libc.a(libc_a-freer.o)
                0x8000f460                _malloc_trim_r
                0x8000f5a0                _free_r
 .text          0x8000f8d0      0x170 /opt/libdragon/bin/../lib/gcc/mips64-elf/14.2.0/../../../../mips64-elf/lib/libc.a(libc_a-mallinfor.o)
                0x8000f8d0                __malloc_update_mallinfo
                0x8000f958                _mallinfo_r
 .text          0x8000fa40       0xa0 /opt/libdragon/bin/../lib/gcc/mips64-elf/14.2.0/../../../../mips64-elf/lib/libc.a(libc_a-mallstatsr.o)
                0x8000fa40                _malloc_stats_r
 .text          0x8000fae0     0x1480 /opt/libdragon/bin/../lib/gcc/mips64-elf/14.2.0/../../../../mips64-elf/lib/libc.a(libc_a-mprec.o)
                0x8000fae0                _Balloc
                0x8000fb90                _Bfree
                0x8000fbc0                __multadd
                0x8000fd18                __s2b
                0x8000fe98                __hi0bits
                0x8000ff40                __lo0bits
                0x80010058                __i2b
                0x80010130                __multiply
                0x800103b8                __pow5mult
                0x80010520                __lshift
                0x800106d8                __mcmp
                0x80010740                __mdiff
                0x800109b8                __ulp
                0x80010a68                __b2d
                0x80010c00                __d2b
                0x80010d58                __ratio
                0x80010e18                _mprec_log10
                0x80010e58                __copybits
                0x80010ee0                __any_on
 .text          0x80010f60     0x2718 /opt/libdragon/bin/../lib/gcc/mips64-elf/14.2.0/../../../../mips64-elf/lib/libc.a(libc_a-svfprintf.o)
                0x80010f60                _svfprintf_r
 .text          0x80013678       0xc8 /opt/libdragon/bin/../lib/gcc/mips64-elf/14.2.0/../../../../mips64-elf/lib/libc.a(libc_a-ssprint_r.o)
                0x80013678                __ssprint_r
 .text          0x80013740      0x230 /opt/libdragon/bin/../lib/gcc/mips64-elf/14.2.0/../../../../mips64-elf/lib/libc.a(libc_a-makebuf.o)
                0x80013740                __smakebuf_r
                0x800138c0                __swhatbuf_r
 .text          0x80013970       0x40 /opt/libdragon/bin/../lib/gcc/mips64-elf/14.2.0/../../../../mips64-elf/lib/libc.a(libc_a-strnlen.o)
                0x80013970                strnlen
 .text          0x800139b0       0x50 /opt/libdragon/bin/../lib/gcc/mips64-elf/14.2.0/../../../../mips64-elf/lib/libc.a(libc_a-isattyr.o)
                0x800139b0                _isatty_r
 .text          0x80013a00       0x70 /opt/libdragon/bin/../lib/gcc/mips64-elf/14.2.0/../../../../mips64-elf/lib/libc.a(libc_a-mbtowc_r.o)
                0x80013a00                _mbtowc_r
                0x80013a10                __ascii_mbtowc
 .text          0x80013a70       0x48 /opt/libdragon/bin/../lib/gcc/mips64-elf/14.2.0/../../../../mips64-elf/lib/libc.a(libc_a-wctomb_r.o)
                0x80013a70                _wctomb_r
                0x80013a80                __ascii_wctomb
 .text          0x80013ab8      0x188 /opt/libdragon/bin/../lib/gcc/mips64-elf/14.2.0/../../../../mips64-elf/lib/libc.a(libc_a-ssputs_r.o)
                0x80013ab8                __ssputs_r
 *(.text.*)
 .text.GetRainbowColor
                0x80013c40      0x180 build/main.o
                0x80013c40                GetRainbowColor
 .text.startup.main
                0x80013dc0      0xac0 build/main.o
                0x80013dc0                main
 .text.InitSystem
                0x80014880       0xa0 build/N64GameEngine.o
                0x80014880                InitSystem
 .text.UpdateEngine
                0x80014920      0x180 build/N64GameEngine.o
                0x80014920                UpdateEngine
 .text.RegisterFont
                0x80014aa0       0x60 build/N64GameEngine.o
                0x80014aa0                RegisterFont
 .text.CreateNewModelTransform
                0x80014b00       0xe0 build/N64GameEngine.o
                0x80014b00                CreateNewModelTransform
 .text.AssignNewRenderBlock
                0x80014be0       0x80 build/N64GameEngine.o
                0x80014be0                AssignNewRenderBlock
 .text.UptimeMilliseconds
                0x80014c60       0xa0 build/N64GameEngine.o
                0x80014c60                UptimeMilliseconds
 .text.SetTargetFPS
                0x80014d00       0x20 build/N64GameEngine.o
                0x80014d00                SetTargetFPS
 .text.RotateCameraRelative
                0x80014d20      0x100 build/N64GameEngine.o
                0x80014d20                RotateCameraRelative
 .text.RenderModel
                0x80014e20      0x120 build/N64GameEngine.o
                0x80014e20                RenderModel
 .text.ClearScreen
                0x80014f40       0x60 build/N64GameEngine.o
                0x80014f40                ClearScreen
 .text.UpdateViewport
                0x80014fa0       0x60 build/N64GameEngine.o
                0x80014fa0                UpdateViewport
 .text.StartFrame
                0x80015000       0xa0 build/N64GameEngine.o
                0x80015000                StartFrame
 .text.EndFrame
                0x800150a0       0x20 build/N64GameEngine.o
                0x800150a0                EndFrame
 .text.GetControllerInput
                0x800150c0       0xa0 build/N64GameEngine.o
                0x800150c0                GetControllerInput
 .text.GetCameraForwardVector
                0x80015160       0xc0 build/MathUtils.o
                0x80015160                GetCameraForwardVector
 .text.t3d_vec3_cross
                0x80015220       0x54 /media/andrew/1D8E170E787C927A/Programming/C/N64GameEngine/tiny3d//build/libt3d.a
 .text.t3d_vec3_norm
                0x80015274       0x54 /media/andrew/1D8E170E787C927A/Programming/C/N64GameEngine/tiny3d//build/libt3d.a
 .text.t3d_mat4_look_at
                0x800152c8      0x130 /media/andrew/1D8E170E787C927A/Programming/C/N64GameEngine/tiny3d//build/libt3d.a
                0x800152c8                t3d_mat4_look_at
 .text.t3d_mat4_to_frustum
                0x800153f8       0xb4 /media/andrew/1D8E170E787C927A/Programming/C/N64GameEngine/tiny3d//build/libt3d.a
                0x800153f8                t3d_mat4_to_frustum
 .text.t3d_mat4_perspective
                0x800154ac       0xb4 /media/andrew/1D8E170E787C927A/Programming/C/N64GameEngine/tiny3d//build/libt3d.a
                0x800154ac                t3d_mat4_perspective
 .text.t3d_mat4_to_fixed
                0x80015560       0xbc /media/andrew/1D8E170E787C927A/Programming/C/N64GameEngine/tiny3d//build/libt3d.a
                0x80015560                t3d_mat4_to_fixed
 .text.t3d_mat4_from_srt_euler
                0x8001561c      0x17c /media/andrew/1D8E170E787C927A/Programming/C/N64GameEngine/tiny3d//build/libt3d.a
                0x8001561c                t3d_mat4_from_srt_euler
 .text.t3d_mat4_mul
                0x80015798       0x70 /media/andrew/1D8E170E787C927A/Programming/C/N64GameEngine/tiny3d//build/libt3d.a
 .text.t3d_matrix_stack
                0x80015808       0x6c /media/andrew/1D8E170E787C927A/Programming/C/N64GameEngine/tiny3d//build/libt3d.a
 .text.t3d_dmem_set_u16
                0x80015874       0x48 /media/andrew/1D8E170E787C927A/Programming/C/N64GameEngine/tiny3d//build/libt3d.a
 .text.t3d_dmem_set_u32
                0x800158bc       0x44 /media/andrew/1D8E170E787C927A/Programming/C/N64GameEngine/tiny3d//build/libt3d.a
 .text.t3d_init
                0x80015900       0xc0 /media/andrew/1D8E170E787C927A/Programming/C/N64GameEngine/tiny3d//build/libt3d.a
                0x80015900                t3d_init
 .text.t3d_screen_clear_color
                0x800159c0       0x24 /media/andrew/1D8E170E787C927A/Programming/C/N64GameEngine/tiny3d//build/libt3d.a
                0x800159c0                t3d_screen_clear_color
 .text.t3d_screen_clear_depth
                0x800159e4       0x24 /media/andrew/1D8E170E787C927A/Programming/C/N64GameEngine/tiny3d//build/libt3d.a
                0x800159e4                t3d_screen_clear_depth
 .text.t3d_matrix_set
                0x80015a08       0x10 /media/andrew/1D8E170E787C927A/Programming/C/N64GameEngine/tiny3d//build/libt3d.a
                0x80015a08                t3d_matrix_set
 .text.t3d_matrix_push
                0x80015a18       0x10 /media/andrew/1D8E170E787C927A/Programming/C/N64GameEngine/tiny3d//build/libt3d.a
                0x80015a18                t3d_matrix_push
 .text.t3d_matrix_pop
                0x80015a28       0x18 /media/andrew/1D8E170E787C927A/Programming/C/N64GameEngine/tiny3d//build/libt3d.a
                0x80015a28                t3d_matrix_pop
 .text.t3d_matrix_set_proj
                0x80015a40       0x4c /media/andrew/1D8E170E787C927A/Programming/C/N64GameEngine/tiny3d//build/libt3d.a
                0x80015a40                t3d_matrix_set_proj
 .text.t3d_vert_load
                0x80015a8c       0x84 /media/andrew/1D8E170E787C927A/Programming/C/N64GameEngine/tiny3d//build/libt3d.a
                0x80015a8c                t3d_vert_load
 .text.t3d_frame_start
                0x80015b10       0x58 /media/andrew/1D8E170E787C927A/Programming/C/N64GameEngine/tiny3d//build/libt3d.a
                0x80015b10                t3d_frame_start
 .text.t3d_light_set_count
                0x80015b68        0xc /media/andrew/1D8E170E787C927A/Programming/C/N64GameEngine/tiny3d//build/libt3d.a
                0x80015b68                t3d_light_set_count
 .text.t3d_light_set_ambient
                0x80015b74       0x54 /media/andrew/1D8E170E787C927A/Programming/C/N64GameEngine/tiny3d//build/libt3d.a
                0x80015b74                t3d_light_set_ambient
 .text.t3d_light_set_directional
                0x80015bc8      0x16c /media/andrew/1D8E170E787C927A/Programming/C/N64GameEngine/tiny3d//build/libt3d.a
                0x80015bc8                t3d_light_set_directional
 .text.t3d_state_set_drawflags
                0x80015d34       0x98 /media/andrew/1D8E170E787C927A/Programming/C/N64GameEngine/tiny3d//build/libt3d.a
                0x80015d34                t3d_state_set_drawflags
 .text.t3d_state_set_vertex_fx
                0x80015dcc       0xb4 /media/andrew/1D8E170E787C927A/Programming/C/N64GameEngine/tiny3d//build/libt3d.a
                0x80015dcc                t3d_state_set_vertex_fx
 .text.t3d_tri_draw
                0x80015e80       0xa4 /media/andrew/1D8E170E787C927A/Programming/C/N64GameEngine/tiny3d//build/libt3d.a
                0x80015e80                t3d_tri_draw
 .text.t3d_tri_draw_strip
                0x80015f24       0xa8 /media/andrew/1D8E170E787C927A/Programming/C/N64GameEngine/tiny3d//build/libt3d.a
                0x80015f24                t3d_tri_draw_strip
 .text.t3d_viewport_attach
                0x80015fcc      0x37c /media/andrew/1D8E170E787C927A/Programming/C/N64GameEngine/tiny3d//build/libt3d.a
                0x80015fcc                t3d_viewport_attach
 .text.t3d_viewport_set_perspective
                0x80016348       0x4c /media/andrew/1D8E170E787C927A/Programming/C/N64GameEngine/tiny3d//build/libt3d.a
                0x80016348                t3d_viewport_set_perspective
 .text.t3d_viewport_set_projection
                0x80016394       0x40 /media/andrew/1D8E170E787C927A/Programming/C/N64GameEngine/tiny3d//build/libt3d.a
                0x80016394                t3d_viewport_set_projection
 .text.t3d_viewport_look_at
                0x800163d4       0x58 /media/andrew/1D8E170E787C927A/Programming/C/N64GameEngine/tiny3d//build/libt3d.a
                0x800163d4                t3d_viewport_look_at
 .text.t3d_indexbuffer_convert
                0x8001642c       0x58 /media/andrew/1D8E170E787C927A/Programming/C/N64GameEngine/tiny3d//build/libt3d.a
                0x8001642c                t3d_indexbuffer_convert
 .text.set_texture
                0x80016484      0x274 /media/andrew/1D8E170E787C927A/Programming/C/N64GameEngine/tiny3d//build/libt3d.a
 .text.t3d_model_load
                0x800166f8      0x3fc /media/andrew/1D8E170E787C927A/Programming/C/N64GameEngine/tiny3d//build/libt3d.a
                0x800166f8                t3d_model_load
 .text.t3d_model_draw_object
                0x80016af4      0x20c /media/andrew/1D8E170E787C927A/Programming/C/N64GameEngine/tiny3d//build/libt3d.a
                0x80016af4                t3d_model_draw_object
 .text.t3d_model_draw_material
                0x80016d00      0x368 /media/andrew/1D8E170E787C927A/Programming/C/N64GameEngine/tiny3d//build/libt3d.a
                0x80016d00                t3d_model_draw_material
 .text.t3d_model_iter_next
                0x80017068       0x68 /media/andrew/1D8E170E787C927A/Programming/C/N64GameEngine/tiny3d//build/libt3d.a
                0x80017068                t3d_model_iter_next
 .text.t3d_model_draw_custom
                0x800170d0      0x100 /media/andrew/1D8E170E787C927A/Programming/C/N64GameEngine/tiny3d//build/libt3d.a
                0x800170d0                t3d_model_draw_custom
 .text.t3d_debug_print_init
                0x800171d0       0x2c /media/andrew/1D8E170E787C927A/Programming/C/N64GameEngine/tiny3d//build/libt3d.a
                0x800171d0                t3d_debug_print_init
 *fill*         0x800171fc        0x4 
 .text.data_cache_hit_writeback
                0x80017200       0x60 /opt/libdragon/bin/../lib/gcc/mips64-elf/14.2.0/../../../../mips64-elf/lib/libdragon.a(n64sys.o)
                0x80017200                data_cache_hit_writeback
 .text.__data_cache_hit_invalidate
                0x80017260       0x60 /opt/libdragon/bin/../lib/gcc/mips64-elf/14.2.0/../../../../mips64-elf/lib/libdragon.a(n64sys.o)
                0x80017260                __data_cache_hit_invalidate
 .text.data_cache_hit_writeback_invalidate
                0x800172c0       0x60 /opt/libdragon/bin/../lib/gcc/mips64-elf/14.2.0/../../../../mips64-elf/lib/libdragon.a(n64sys.o)
                0x800172c0                data_cache_hit_writeback_invalidate
 .text.inst_cache_hit_invalidate
                0x80017320       0x60 /opt/libdragon/bin/../lib/gcc/mips64-elf/14.2.0/../../../../mips64-elf/lib/libdragon.a(n64sys.o)
                0x80017320                inst_cache_hit_invalidate
 .text.malloc_uncached_aligned
                0x80017380       0xc0 /opt/libdragon/bin/../lib/gcc/mips64-elf/14.2.0/../../../../mips64-elf/lib/libdragon.a(n64sys.o)
                0x80017380                malloc_uncached_aligned
 .text.malloc_uncached
                0x80017440       0x20 /opt/libdragon/bin/../lib/gcc/mips64-elf/14.2.0/../../../../mips64-elf/lib/libdragon.a(n64sys.o)
                0x80017440                malloc_uncached
 .text.free_uncached
                0x80017460       0x20 /opt/libdragon/bin/../lib/gcc/mips64-elf/14.2.0/../../../../mips64-elf/lib/libdragon.a(n64sys.o)
                0x80017460                free_uncached
 .text.get_memory_size
                0x80017480       0x20 /opt/libdragon/bin/../lib/gcc/mips64-elf/14.2.0/../../../../mips64-elf/lib/libdragon.a(n64sys.o)
                0x80017480                get_memory_size
 .text.get_tv_type
                0x800174a0       0x20 /opt/libdragon/bin/../lib/gcc/mips64-elf/14.2.0/../../../../mips64-elf/lib/libdragon.a(n64sys.o)
                0x800174a0                get_tv_type
 .text.get_ticks
                0x800174c0       0x40 /opt/libdragon/bin/../lib/gcc/mips64-elf/14.2.0/../../../../mips64-elf/lib/libdragon.a(n64sys.o)
                0x800174c0                get_ticks
 .text.wait_ms  0x80017500       0x40 /opt/libdragon/bin/../lib/gcc/mips64-elf/14.2.0/../../../../mips64-elf/lib/libdragon.a(n64sys.o)
                0x80017500                wait_ms
 .text.die      0x80017540       0x60 /opt/libdragon/bin/../lib/gcc/mips64-elf/14.2.0/../../../../mips64-elf/lib/libdragon.a(n64sys.o)
                0x80017540                die
 .text.sys_get_heap_stats
                0x800175a0       0x40 /opt/libdragon/bin/../lib/gcc/mips64-elf/14.2.0/../../../../mips64-elf/lib/libdragon.a(n64sys.o)
                0x800175a0                sys_get_heap_stats
 .text.startup.__init_cop1
                0x800175e0       0x40 /opt/libdragon/bin/../lib/gcc/mips64-elf/14.2.0/../../../../mips64-elf/lib/libdragon.a(n64sys.o)
                0x800175e0                __init_cop1
 .text.__MI_handler
                0x80017620      0x380 /opt/libdragon/bin/../lib/gcc/mips64-elf/14.2.0/../../../../mips64-elf/lib/libdragon.a(interrupt.o)
                0x80017620                __MI_handler
 .text.__MI_BB_handler
                0x800179a0      0x300 /opt/libdragon/bin/../lib/gcc/mips64-elf/14.2.0/../../../../mips64-elf/lib/libdragon.a(interrupt.o)
                0x800179a0                __MI_BB_handler
 .text.__TI_handler
                0x80017ca0       0x80 /opt/libdragon/bin/../lib/gcc/mips64-elf/14.2.0/../../../../mips64-elf/lib/libdragon.a(interrupt.o)
                0x80017ca0                __TI_handler
 .text.__CART_handler
                0x80017d20      0x100 /opt/libdragon/bin/../lib/gcc/mips64-elf/14.2.0/../../../../mips64-elf/lib/libdragon.a(interrupt.o)
                0x80017d20                __CART_handler
 .text.__RESET_handler
                0x80017e20       0x60 /opt/libdragon/bin/../lib/gcc/mips64-elf/14.2.0/../../../../mips64-elf/lib/libdragon.a(interrupt.o)
                0x80017e20                __RESET_handler
 .text.register_VI_handler
                0x80017e80       0x60 /opt/libdragon/bin/../lib/gcc/mips64-elf/14.2.0/../../../../mips64-elf/lib/libdragon.a(interrupt.o)
                0x80017e80                register_VI_handler
 .text.unregister_VI_handler
                0x80017ee0       0x60 /opt/libdragon/bin/../lib/gcc/mips64-elf/14.2.0/../../../../mips64-elf/lib/libdragon.a(interrupt.o)
                0x80017ee0                unregister_VI_handler
 .text.register_DP_handler
                0x80017f40       0x60 /opt/libdragon/bin/../lib/gcc/mips64-elf/14.2.0/../../../../mips64-elf/lib/libdragon.a(interrupt.o)
                0x80017f40                register_DP_handler
 .text.register_SI_handler
                0x80017fa0       0x60 /opt/libdragon/bin/../lib/gcc/mips64-elf/14.2.0/../../../../mips64-elf/lib/libdragon.a(interrupt.o)
                0x80017fa0                register_SI_handler
 .text.register_SP_handler
                0x80018000       0x60 /opt/libdragon/bin/../lib/gcc/mips64-elf/14.2.0/../../../../mips64-elf/lib/libdragon.a(interrupt.o)
                0x80018000                register_SP_handler
 .text.register_TI_handler
                0x80018060       0x60 /opt/libdragon/bin/../lib/gcc/mips64-elf/14.2.0/../../../../mips64-elf/lib/libdragon.a(interrupt.o)
                0x80018060                register_TI_handler
 .text.set_VI_interrupt
                0x800180c0       0x40 /opt/libdragon/bin/../lib/gcc/mips64-elf/14.2.0/../../../../mips64-elf/lib/libdragon.a(interrupt.o)
                0x800180c0                set_VI_interrupt
 .text.set_DP_interrupt
                0x80018100       0x20 /opt/libdragon/bin/../lib/gcc/mips64-elf/14.2.0/../../../../mips64-elf/lib/libdragon.a(interrupt.o)
                0x80018100                set_DP_interrupt
 .text.set_SI_interrupt
                0x80018120       0x20 /opt/libdragon/bin/../lib/gcc/mips64-elf/14.2.0/../../../../mips64-elf/lib/libdragon.a(interrupt.o)
                0x80018120                set_SI_interrupt
 .text.set_SP_interrupt
                0x80018140       0x20 /opt/libdragon/bin/../lib/gcc/mips64-elf/14.2.0/../../../../mips64-elf/lib/libdragon.a(interrupt.o)
                0x80018140                set_SP_interrupt
 .text.set_TI_interrupt
                0x80018160       0x40 /opt/libdragon/bin/../lib/gcc/mips64-elf/14.2.0/../../../../mips64-elf/lib/libdragon.a(interrupt.o)
                0x80018160                set_TI_interrupt
 .text.startup.__init_interrupts
                0x800181a0       0x60 /opt/libdragon/bin/../lib/gcc/mips64-elf/14.2.0/../../../../mips64-elf/lib/libdragon.a(interrupt.o)
                0x800181a0                __init_interrupts
 .text.disable_interrupts
                0x80018200       0x40 /opt/libdragon/bin/../lib/gcc/mips64-elf/14.2.0/../../../../mips64-elf/lib/libdragon.a(interrupt.o)
                0x80018200                disable_interrupts
 .text.enable_interrupts
                0x80018240       0x80 /opt/libdragon/bin/../lib/gcc/mips64-elf/14.2.0/../../../../mips64-elf/lib/libdragon.a(interrupt.o)
                0x80018240                enable_interrupts
 .text.get_interrupts_state
                0x800182c0       0x20 /opt/libdragon/bin/../lib/gcc/mips64-elf/14.2.0/../../../../mips64-elf/lib/libdragon.a(interrupt.o)
                0x800182c0                get_interrupts_state
 .text.exception_reset_time
                0x800182e0       0x20 /opt/libdragon/bin/../lib/gcc/mips64-elf/14.2.0/../../../../mips64-elf/lib/libdragon.a(interrupt.o)
                0x800182e0                exception_reset_time
 .text.sinf_approx
                0x80018300      0x120 /opt/libdragon/bin/../lib/gcc/mips64-elf/14.2.0/../../../../mips64-elf/lib/libdragon.a(fmath.o)
 .text.fm_sinf  0x80018420       0x60 /opt/libdragon/bin/../lib/gcc/mips64-elf/14.2.0/../../../../mips64-elf/lib/libdragon.a(fmath.o)
                0x80018420                fm_sinf
 .text.fm_cosf  0x80018480       0x60 /opt/libdragon/bin/../lib/gcc/mips64-elf/14.2.0/../../../../mips64-elf/lib/libdragon.a(fmath.o)
                0x80018480                fm_cosf
 .text.__stderr_write
                0x800184e0       0x80 /opt/libdragon/bin/../lib/gcc/mips64-elf/14.2.0/../../../../mips64-elf/lib/libdragon.a(debug.o)
 .text.usblog_write
                0x80018560       0x20 /opt/libdragon/bin/../lib/gcc/mips64-elf/14.2.0/../../../../mips64-elf/lib/libdragon.a(debug.o)
 .text.isviewer_write
                0x80018580       0xe0 /opt/libdragon/bin/../lib/gcc/mips64-elf/14.2.0/../../../../mips64-elf/lib/libdragon.a(debug.o)
 .text.cb.0     0x80018660       0xa0 /opt/libdragon/bin/../lib/gcc/mips64-elf/14.2.0/../../../../mips64-elf/lib/libdragon.a(debug.o)
 .text.debug_init_usblog
                0x80018700       0xe0 /opt/libdragon/bin/../lib/gcc/mips64-elf/14.2.0/../../../../mips64-elf/lib/libdragon.a(debug.o)
                0x80018700                debug_init_usblog
 .text.debug_init_isviewer
                0x800187e0       0xe0 /opt/libdragon/bin/../lib/gcc/mips64-elf/14.2.0/../../../../mips64-elf/lib/libdragon.a(debug.o)
                0x800187e0                debug_init_isviewer
 .text.debug_assert_func_f
                0x800188c0       0xe0 /opt/libdragon/bin/../lib/gcc/mips64-elf/14.2.0/../../../../mips64-elf/lib/libdragon.a(debug.o)
                0x800188c0                debug_assert_func_f
 .text.debug_assert_func
                0x800189a0       0x20 /opt/libdragon/bin/../lib/gcc/mips64-elf/14.2.0/../../../../mips64-elf/lib/libdragon.a(debug.o)
                0x800189a0                debug_assert_func
 .text.debug_hexdump
                0x800189c0      0x280 /opt/libdragon/bin/../lib/gcc/mips64-elf/14.2.0/../../../../mips64-elf/lib/libdragon.a(debug.o)
                0x800189c0                debug_hexdump
 .text.__debug_backtrace
                0x80018c40      0x100 /opt/libdragon/bin/../lib/gcc/mips64-elf/14.2.0/../../../../mips64-elf/lib/libdragon.a(debug.o)
                0x80018c40                __debug_backtrace
 .text.debug_backtrace
                0x80018d40       0x20 /opt/libdragon/bin/../lib/gcc/mips64-elf/14.2.0/../../../../mips64-elf/lib/libdragon.a(debug.o)
                0x80018d40                debug_backtrace
 .text.usb_64drive_read
                0x80018d60       0x60 /opt/libdragon/bin/../lib/gcc/mips64-elf/14.2.0/../../../../mips64-elf/lib/libdragon.a(usb.o)
 .text.usb_64drive_poll
                0x80018dc0      0x1a0 /opt/libdragon/bin/../lib/gcc/mips64-elf/14.2.0/../../../../mips64-elf/lib/libdragon.a(usb.o)
 .text.usb_everdrive_usbbusy
                0x80018f60       0xe0 /opt/libdragon/bin/../lib/gcc/mips64-elf/14.2.0/../../../../mips64-elf/lib/libdragon.a(usb.o)
 .text.usb_everdrive_readusb
                0x80019040       0xc0 /opt/libdragon/bin/../lib/gcc/mips64-elf/14.2.0/../../../../mips64-elf/lib/libdragon.a(usb.o)
 .text.usb_everdrive_poll
                0x80019100      0x200 /opt/libdragon/bin/../lib/gcc/mips64-elf/14.2.0/../../../../mips64-elf/lib/libdragon.a(usb.o)
 .text.usb_everdrive_write
                0x80019300      0x1c0 /opt/libdragon/bin/../lib/gcc/mips64-elf/14.2.0/../../../../mips64-elf/lib/libdragon.a(usb.o)
 .text.usb_everdrive_read
                0x800194c0       0x60 /opt/libdragon/bin/../lib/gcc/mips64-elf/14.2.0/../../../../mips64-elf/lib/libdragon.a(usb.o)
 .text.usb_sc64_read
                0x80019520       0x60 /opt/libdragon/bin/../lib/gcc/mips64-elf/14.2.0/../../../../mips64-elf/lib/libdragon.a(usb.o)
 .text.usb_sc64_poll
                0x80019580      0x160 /opt/libdragon/bin/../lib/gcc/mips64-elf/14.2.0/../../../../mips64-elf/lib/libdragon.a(usb.o)
 .text.usb_write
                0x800196e0       0x40 /opt/libdragon/bin/../lib/gcc/mips64-elf/14.2.0/../../../../mips64-elf/lib/libdragon.a(usb.o)
                0x800196e0                usb_write
 .text.usb_sendheartbeat
                0x80019720       0x60 /opt/libdragon/bin/../lib/gcc/mips64-elf/14.2.0/../../../../mips64-elf/lib/libdragon.a(usb.o)
                0x80019720                usb_sendheartbeat
 .text.usb_initialize
                0x80019780      0x1c0 /opt/libdragon/bin/../lib/gcc/mips64-elf/14.2.0/../../../../mips64-elf/lib/libdragon.a(usb.o)
                0x80019780                usb_initialize
 .text.usb_64drive_wait
                0x80019940       0xc0 /opt/libdragon/bin/../lib/gcc/mips64-elf/14.2.0/../../../../mips64-elf/lib/libdragon.a(usb.o)
                0x80019940                usb_64drive_wait
 .text.usb_64drive_write
                0x80019a00      0x240 /opt/libdragon/bin/../lib/gcc/mips64-elf/14.2.0/../../../../mips64-elf/lib/libdragon.a(usb.o)
 .text.usb_sc64_execute_cmd
                0x80019c40       0xc0 /opt/libdragon/bin/../lib/gcc/mips64-elf/14.2.0/../../../../mips64-elf/lib/libdragon.a(usb.o)
                0x80019c40                usb_sc64_execute_cmd
 .text.usb_sc64_write
                0x80019d00      0x2a0 /opt/libdragon/bin/../lib/gcc/mips64-elf/14.2.0/../../../../mips64-elf/lib/libdragon.a(usb.o)
 .text.get_next_token
                0x80019fa0       0xc0 /opt/libdragon/bin/../lib/gcc/mips64-elf/14.2.0/../../../../mips64-elf/lib/libdragon.a(dragonfs.o)
 .text.__fstat  0x8001a060       0x40 /opt/libdragon/bin/../lib/gcc/mips64-elf/14.2.0/../../../../mips64-elf/lib/libdragon.a(dragonfs.o)
 .text.lookup_file
                0x8001a0a0      0x240 /opt/libdragon/bin/../lib/gcc/mips64-elf/14.2.0/../../../../mips64-elf/lib/libdragon.a(dragonfs.o)
 .text.__close  0x8001a2e0       0x40 /opt/libdragon/bin/../lib/gcc/mips64-elf/14.2.0/../../../../mips64-elf/lib/libdragon.a(dragonfs.o)
 .text.__ioctl  0x8001a320       0x60 /opt/libdragon/bin/../lib/gcc/mips64-elf/14.2.0/../../../../mips64-elf/lib/libdragon.a(dragonfs.o)
 .text.recurse_path
                0x8001a380      0x3c0 /opt/libdragon/bin/../lib/gcc/mips64-elf/14.2.0/../../../../mips64-elf/lib/libdragon.a(dragonfs.o)
 .text.__findnext
                0x8001a740       0xe0 /opt/libdragon/bin/../lib/gcc/mips64-elf/14.2.0/../../../../mips64-elf/lib/libdragon.a(dragonfs.o)
 .text.__dfs_findfirst
                0x8001a820       0xc0 /opt/libdragon/bin/../lib/gcc/mips64-elf/14.2.0/../../../../mips64-elf/lib/libdragon.a(dragonfs.o)
 .text.__findfirst
                0x8001a8e0       0x60 /opt/libdragon/bin/../lib/gcc/mips64-elf/14.2.0/../../../../mips64-elf/lib/libdragon.a(dragonfs.o)
 .text.__lseek  0x8001a940       0xa0 /opt/libdragon/bin/../lib/gcc/mips64-elf/14.2.0/../../../../mips64-elf/lib/libdragon.a(dragonfs.o)
 .text.dfs_open
                0x8001a9e0      0x180 /opt/libdragon/bin/../lib/gcc/mips64-elf/14.2.0/../../../../mips64-elf/lib/libdragon.a(dragonfs.o)
                0x8001a9e0                dfs_open
 .text.__open   0x8001ab60       0xc0 /opt/libdragon/bin/../lib/gcc/mips64-elf/14.2.0/../../../../mips64-elf/lib/libdragon.a(dragonfs.o)
 .text.dfs_read
                0x8001ac20      0x1c0 /opt/libdragon/bin/../lib/gcc/mips64-elf/14.2.0/../../../../mips64-elf/lib/libdragon.a(dragonfs.o)
                0x8001ac20                dfs_read
 .text.__read   0x8001ade0       0x20 /opt/libdragon/bin/../lib/gcc/mips64-elf/14.2.0/../../../../mips64-elf/lib/libdragon.a(dragonfs.o)
 .text.dfs_init
                0x8001ae00      0x220 /opt/libdragon/bin/../lib/gcc/mips64-elf/14.2.0/../../../../mips64-elf/lib/libdragon.a(dragonfs.o)
                0x8001ae00                dfs_init
 .text.display_show.part.0
                0x8001b020      0x140 /opt/libdragon/bin/../lib/gcc/mips64-elf/14.2.0/../../../../mips64-elf/lib/libdragon.a(display.o)
 .text.__display_callback
                0x8001b160      0x360 /opt/libdragon/bin/../lib/gcc/mips64-elf/14.2.0/../../../../mips64-elf/lib/libdragon.a(display.o)
 .text.display_init
                0x8001b4c0      0x7e0 /opt/libdragon/bin/../lib/gcc/mips64-elf/14.2.0/../../../../mips64-elf/lib/libdragon.a(display.o)
                0x8001b4c0                display_init
 .text.display_close
                0x8001bca0      0x140 /opt/libdragon/bin/../lib/gcc/mips64-elf/14.2.0/../../../../mips64-elf/lib/libdragon.a(display.o)
                0x8001bca0                display_close
 .text.display_try_get
                0x8001bde0       0xc0 /opt/libdragon/bin/../lib/gcc/mips64-elf/14.2.0/../../../../mips64-elf/lib/libdragon.a(display.o)
                0x8001bde0                display_try_get
 .text.display_get
                0x8001bea0      0x100 /opt/libdragon/bin/../lib/gcc/mips64-elf/14.2.0/../../../../mips64-elf/lib/libdragon.a(display.o)
                0x8001bea0                display_get
 .text.display_get_zbuf
                0x8001bfa0      0x140 /opt/libdragon/bin/../lib/gcc/mips64-elf/14.2.0/../../../../mips64-elf/lib/libdragon.a(display.o)
                0x8001bfa0                display_get_zbuf
 .text.display_show
                0x8001c0e0       0x20 /opt/libdragon/bin/../lib/gcc/mips64-elf/14.2.0/../../../../mips64-elf/lib/libdragon.a(display.o)
                0x8001c0e0                display_show
 .text.display_show_force
                0x8001c100       0x40 /opt/libdragon/bin/../lib/gcc/mips64-elf/14.2.0/../../../../mips64-elf/lib/libdragon.a(display.o)
                0x8001c100                display_show_force
 .text.display_get_width
                0x8001c140       0x20 /opt/libdragon/bin/../lib/gcc/mips64-elf/14.2.0/../../../../mips64-elf/lib/libdragon.a(display.o)
                0x8001c140                display_get_width
 .text.display_get_height
                0x8001c160       0x20 /opt/libdragon/bin/../lib/gcc/mips64-elf/14.2.0/../../../../mips64-elf/lib/libdragon.a(display.o)
                0x8001c160                display_get_height
 .text.display_get_bitdepth
                0x8001c180       0x20 /opt/libdragon/bin/../lib/gcc/mips64-elf/14.2.0/../../../../mips64-elf/lib/libdragon.a(display.o)
                0x8001c180                display_get_bitdepth
 .text.display_get_fps
                0x8001c1a0       0x20 /opt/libdragon/bin/../lib/gcc/mips64-elf/14.2.0/../../../../mips64-elf/lib/libdragon.a(display.o)
                0x8001c1a0                display_get_fps
 .text.display_get_delta_time
                0x8001c1c0       0x20 /opt/libdragon/bin/../lib/gcc/mips64-elf/14.2.0/../../../../mips64-elf/lib/libdragon.a(display.o)
                0x8001c1c0                display_get_delta_time
 .text.display_set_fps_limit
                0x8001c1e0       0xa0 /opt/libdragon/bin/../lib/gcc/mips64-elf/14.2.0/../../../../mips64-elf/lib/libdragon.a(display.o)
                0x8001c1e0                display_set_fps_limit
 .text.tex_format_name
                0x8001c280       0x40 /opt/libdragon/bin/../lib/gcc/mips64-elf/14.2.0/../../../../mips64-elf/lib/libdragon.a(surface.o)
                0x8001c280                tex_format_name
 .text.surface_alloc
                0x8001c2c0       0xe0 /opt/libdragon/bin/../lib/gcc/mips64-elf/14.2.0/../../../../mips64-elf/lib/libdragon.a(surface.o)
                0x8001c2c0                surface_alloc
 .text.surface_free
                0x8001c3a0       0x80 /opt/libdragon/bin/../lib/gcc/mips64-elf/14.2.0/../../../../mips64-elf/lib/libdragon.a(surface.o)
                0x8001c3a0                surface_free
 .text.must_open.part.0
                0x8001c420      0x100 /opt/libdragon/bin/../lib/gcc/mips64-elf/14.2.0/../../../../mips64-elf/lib/libdragon.a(asset.o)
 .text.asset_read
                0x8001c520      0x3e0 /opt/libdragon/bin/../lib/gcc/mips64-elf/14.2.0/../../../../mips64-elf/lib/libdragon.a(asset.o)
 .text.asset_read_header
                0x8001c900      0x1e0 /opt/libdragon/bin/../lib/gcc/mips64-elf/14.2.0/../../../../mips64-elf/lib/libdragon.a(asset.o)
 .text.__asset_init_compression_lvl2
                0x8001cae0       0x60 /opt/libdragon/bin/../lib/gcc/mips64-elf/14.2.0/../../../../mips64-elf/lib/libdragon.a(asset.o)
                0x8001cae0                __asset_init_compression_lvl2
 .text.asset_load
                0x8001cb40       0xc0 /opt/libdragon/bin/../lib/gcc/mips64-elf/14.2.0/../../../../mips64-elf/lib/libdragon.a(asset.o)
                0x8001cb40                asset_load
 .text.decompress_lz4_full_inplace
                0x8001cc00       0x20 /opt/libdragon/bin/../lib/gcc/mips64-elf/14.2.0/../../../../mips64-elf/lib/libdragon.a(lz4_dec.o)
                0x8001cc00                decompress_lz4_full_inplace
 .text.decompress_lz4_init
                0x8001cc20       0x60 /opt/libdragon/bin/../lib/gcc/mips64-elf/14.2.0/../../../../mips64-elf/lib/libdragon.a(lz4_dec.o)
                0x8001cc20                decompress_lz4_init
 .text.decompress_lz4_reset
                0x8001cc80       0x40 /opt/libdragon/bin/../lib/gcc/mips64-elf/14.2.0/../../../../mips64-elf/lib/libdragon.a(lz4_dec.o)
                0x8001cc80                decompress_lz4_reset
 .text.decompress_lz4_read
                0x8001ccc0      0x400 /opt/libdragon/bin/../lib/gcc/mips64-elf/14.2.0/../../../../mips64-elf/lib/libdragon.a(lz4_dec.o)
                0x8001ccc0                decompress_lz4_read
 .text.decompress_lz4_full_fast
                0x8001d0c0      0x1c0 /opt/libdragon/bin/../lib/gcc/mips64-elf/14.2.0/../../../../mips64-elf/lib/libdragon.a(lz4_dec_fast.o)
                0x8001d0c0                decompress_lz4_full_fast
 .text.__ringbuf_init
                0x8001d280       0x80 /opt/libdragon/bin/../lib/gcc/mips64-elf/14.2.0/../../../../mips64-elf/lib/libdragon.a(ringbuf.o)
                0x8001d280                __ringbuf_init
 .text.__ringbuf_write
                0x8001d300       0xc0 /opt/libdragon/bin/../lib/gcc/mips64-elf/14.2.0/../../../../mips64-elf/lib/libdragon.a(ringbuf.o)
                0x8001d300                __ringbuf_write
 .text.__ringbuf_copy
                0x8001d3c0      0x1a0 /opt/libdragon/bin/../lib/gcc/mips64-elf/14.2.0/../../../../mips64-elf/lib/libdragon.a(ringbuf.o)
                0x8001d3c0                __ringbuf_copy
 .text.refill   0x8001d560      0x100 /opt/libdragon/bin/../lib/gcc/mips64-elf/14.2.0/../../../../mips64-elf/lib/libdragon.a(aplib_dec.o)
 .text.decompress_reset.part.0.constprop.0
                0x8001d660       0xa0 /opt/libdragon/bin/../lib/gcc/mips64-elf/14.2.0/../../../../mips64-elf/lib/libdragon.a(aplib_dec.o)
 .text.decompress_aplib_partial.part.0
                0x8001d700      0x940 /opt/libdragon/bin/../lib/gcc/mips64-elf/14.2.0/../../../../mips64-elf/lib/libdragon.a(aplib_dec.o)
 .text.decompress_aplib_init
                0x8001e040       0x60 /opt/libdragon/bin/../lib/gcc/mips64-elf/14.2.0/../../../../mips64-elf/lib/libdragon.a(aplib_dec.o)
                0x8001e040                decompress_aplib_init
 .text.decompress_aplib_reset
                0x8001e0a0       0x40 /opt/libdragon/bin/../lib/gcc/mips64-elf/14.2.0/../../../../mips64-elf/lib/libdragon.a(aplib_dec.o)
                0x8001e0a0                decompress_aplib_reset
 .text.decompress_aplib_read
                0x8001e0e0       0x40 /opt/libdragon/bin/../lib/gcc/mips64-elf/14.2.0/../../../../mips64-elf/lib/libdragon.a(aplib_dec.o)
                0x8001e0e0                decompress_aplib_read
 .text.decompress_aplib_full_inplace
                0x8001e120       0x20 /opt/libdragon/bin/../lib/gcc/mips64-elf/14.2.0/../../../../mips64-elf/lib/libdragon.a(aplib_dec.o)
                0x8001e120                decompress_aplib_full_inplace
 .text.joypad_gcn_origin_callback
                0x8001e140       0xe0 /opt/libdragon/bin/../lib/gcc/mips64-elf/14.2.0/../../../../mips64-elf/lib/libdragon.a(joypad.o)
 .text.joypad_read_callback
                0x8001e220       0x60 /opt/libdragon/bin/../lib/gcc/mips64-elf/14.2.0/../../../../mips64-elf/lib/libdragon.a(joypad.o)
 .text.joypad_device_changed
                0x8001e280      0x120 /opt/libdragon/bin/../lib/gcc/mips64-elf/14.2.0/../../../../mips64-elf/lib/libdragon.a(joypad.o)
 .text.joypad_identify_callback
                0x8001e3a0      0x280 /opt/libdragon/bin/../lib/gcc/mips64-elf/14.2.0/../../../../mips64-elf/lib/libdragon.a(joypad.o)
 .text.joypad_read_async.part.0
                0x8001e620      0x240 /opt/libdragon/bin/../lib/gcc/mips64-elf/14.2.0/../../../../mips64-elf/lib/libdragon.a(joypad.o)
 .text.joypad_identify_async.part.0
                0x8001e860      0x140 /opt/libdragon/bin/../lib/gcc/mips64-elf/14.2.0/../../../../mips64-elf/lib/libdragon.a(joypad.o)
 .text.joypad_vi_interrupt_callback
                0x8001e9a0       0x80 /opt/libdragon/bin/../lib/gcc/mips64-elf/14.2.0/../../../../mips64-elf/lib/libdragon.a(joypad.o)
 .text.joypad_read_n64_inputs
                0x8001ea20      0x260 /opt/libdragon/bin/../lib/gcc/mips64-elf/14.2.0/../../../../mips64-elf/lib/libdragon.a(joypad.o)
                0x8001ea20                joypad_read_n64_inputs
 .text.joypad_poll
                0x8001ec80      0x5a0 /opt/libdragon/bin/../lib/gcc/mips64-elf/14.2.0/../../../../mips64-elf/lib/libdragon.a(joypad.o)
                0x8001ec80                joypad_poll
 .text.joypad_init
                0x8001f220      0x160 /opt/libdragon/bin/../lib/gcc/mips64-elf/14.2.0/../../../../mips64-elf/lib/libdragon.a(joypad.o)
                0x8001f220                joypad_init
 .text.joypad_is_connected
                0x8001f380       0xa0 /opt/libdragon/bin/../lib/gcc/mips64-elf/14.2.0/../../../../mips64-elf/lib/libdragon.a(joypad.o)
                0x8001f380                joypad_is_connected
 .text.joypad_get_inputs
                0x8001f420       0xa0 /opt/libdragon/bin/../lib/gcc/mips64-elf/14.2.0/../../../../mips64-elf/lib/libdragon.a(joypad.o)
                0x8001f420                joypad_get_inputs
 .text.joypad_get_buttons
                0x8001f4c0       0xa0 /opt/libdragon/bin/../lib/gcc/mips64-elf/14.2.0/../../../../mips64-elf/lib/libdragon.a(joypad.o)
                0x8001f4c0                joypad_get_buttons
 .text.joypad_get_buttons_pressed
                0x8001f560       0xa0 /opt/libdragon/bin/../lib/gcc/mips64-elf/14.2.0/../../../../mips64-elf/lib/libdragon.a(joypad.o)
                0x8001f560                joypad_get_buttons_pressed
 .text.joypad_get_buttons_released
                0x8001f600       0xa0 /opt/libdragon/bin/../lib/gcc/mips64-elf/14.2.0/../../../../mips64-elf/lib/libdragon.a(joypad.o)
                0x8001f600                joypad_get_buttons_released
 .text.joypad_transfer_pak_wait_timer_callback
                0x8001f6a0       0xe0 /opt/libdragon/bin/../lib/gcc/mips64-elf/14.2.0/../../../../mips64-elf/lib/libdragon.a(joypad_accessory.o)
 .text.joypad_accessory_check_read_crc_error
                0x8001f780      0x1a0 /opt/libdragon/bin/../lib/gcc/mips64-elf/14.2.0/../../../../mips64-elf/lib/libdragon.a(joypad_accessory.o)
 .text.joypad_transfer_pak_enable_read_callback
                0x8001f920       0xc0 /opt/libdragon/bin/../lib/gcc/mips64-elf/14.2.0/../../../../mips64-elf/lib/libdragon.a(joypad_accessory.o)
 .text.joypad_accessory_write_crc_error_check
                0x8001f9e0      0x1c0 /opt/libdragon/bin/../lib/gcc/mips64-elf/14.2.0/../../../../mips64-elf/lib/libdragon.a(joypad_accessory.o)
 .text.joypad_accessory_detect_write_callback
                0x8001fba0      0x280 /opt/libdragon/bin/../lib/gcc/mips64-elf/14.2.0/../../../../mips64-elf/lib/libdragon.a(joypad_accessory.o)
 .text.joypad_transfer_pak_enable_write_callback
                0x8001fe20      0x180 /opt/libdragon/bin/../lib/gcc/mips64-elf/14.2.0/../../../../mips64-elf/lib/libdragon.a(joypad_accessory.o)
 .text.joypad_accessory_detect_read_callback
                0x8001ffa0      0x2c0 /opt/libdragon/bin/../lib/gcc/mips64-elf/14.2.0/../../../../mips64-elf/lib/libdragon.a(joypad_accessory.o)
 .text.joypad_transfer_pak_wait_timer_init
                0x80020260       0xe0 /opt/libdragon/bin/../lib/gcc/mips64-elf/14.2.0/../../../../mips64-elf/lib/libdragon.a(joypad_accessory.o)
                0x80020260                joypad_transfer_pak_wait_timer_init
 .text.joypad_accessory_detect_async
                0x80020340      0x120 /opt/libdragon/bin/../lib/gcc/mips64-elf/14.2.0/../../../../mips64-elf/lib/libdragon.a(joypad_accessory.o)
                0x80020340                joypad_accessory_detect_async
 .text.controller_init
                0x80020460       0x20 /opt/libdragon/bin/../lib/gcc/mips64-elf/14.2.0/../../../../mips64-elf/lib/libdragon.a(controller.o)
                0x80020460                controller_init
 .text.rsp_load_code
                0x80020480      0x100 /opt/libdragon/bin/../lib/gcc/mips64-elf/14.2.0/../../../../mips64-elf/lib/libdragon.a(rsp.o)
                0x80020480                rsp_load_code
 .text.rsp_load_data
                0x80020580       0xe0 /opt/libdragon/bin/../lib/gcc/mips64-elf/14.2.0/../../../../mips64-elf/lib/libdragon.a(rsp.o)
                0x80020580                rsp_load_data
 .text.rsp_load
                0x80020660       0x60 /opt/libdragon/bin/../lib/gcc/mips64-elf/14.2.0/../../../../mips64-elf/lib/libdragon.a(rsp.o)
                0x80020660                rsp_load
 .text.rsp_read_code
                0x800206c0       0xe0 /opt/libdragon/bin/../lib/gcc/mips64-elf/14.2.0/../../../../mips64-elf/lib/libdragon.a(rsp.o)
                0x800206c0                rsp_read_code
 .text.rsp_read_data
                0x800207a0       0xe0 /opt/libdragon/bin/../lib/gcc/mips64-elf/14.2.0/../../../../mips64-elf/lib/libdragon.a(rsp.o)
                0x800207a0                rsp_read_data
 .text.__rsp_run_async
                0x80020880       0x40 /opt/libdragon/bin/../lib/gcc/mips64-elf/14.2.0/../../../../mips64-elf/lib/libdragon.a(rsp.o)
                0x80020880                __rsp_run_async
 .text.__rsp_crash
                0x800208c0      0xbe0 /opt/libdragon/bin/../lib/gcc/mips64-elf/14.2.0/../../../../mips64-elf/lib/libdragon.a(rsp.o)
                0x800208c0                __rsp_crash
 .text.__rsp_check_assert
                0x800214a0       0x80 /opt/libdragon/bin/../lib/gcc/mips64-elf/14.2.0/../../../../mips64-elf/lib/libdragon.a(rsp.o)
                0x800214a0                __rsp_check_assert
 .text.rsp_wait
                0x80021520      0x100 /opt/libdragon/bin/../lib/gcc/mips64-elf/14.2.0/../../../../mips64-elf/lib/libdragon.a(rsp.o)
                0x80021520                rsp_wait
 .text.rsp_run  0x80021620       0x60 /opt/libdragon/bin/../lib/gcc/mips64-elf/14.2.0/../../../../mips64-elf/lib/libdragon.a(rsp.o)
                0x80021620                rsp_run
 .text.cb.2     0x80021680       0x60 /opt/libdragon/bin/../lib/gcc/mips64-elf/14.2.0/../../../../mips64-elf/lib/libdragon.a(inspector.o)
 .text.cb.1     0x800216e0       0x60 /opt/libdragon/bin/../lib/gcc/mips64-elf/14.2.0/../../../../mips64-elf/lib/libdragon.a(inspector.o)
 .text.inspector_print_backtrace
                0x80021740      0x180 /opt/libdragon/bin/../lib/gcc/mips64-elf/14.2.0/../../../../mips64-elf/lib/libdragon.a(inspector.o)
 .text.cb.0     0x800218c0      0x120 /opt/libdragon/bin/../lib/gcc/mips64-elf/14.2.0/../../../../mips64-elf/lib/libdragon.a(inspector.o)
 .text.cb.3     0x800219e0      0x120 /opt/libdragon/bin/../lib/gcc/mips64-elf/14.2.0/../../../../mips64-elf/lib/libdragon.a(inspector.o)
 .text.inspector_stdout
                0x80021b00      0x240 /opt/libdragon/bin/../lib/gcc/mips64-elf/14.2.0/../../../../mips64-elf/lib/libdragon.a(inspector.o)
 .text.title    0x80021d40       0xa0 /opt/libdragon/bin/../lib/gcc/mips64-elf/14.2.0/../../../../mips64-elf/lib/libdragon.a(inspector.o)
 .text.mips_disasm
                0x80021de0      0x6c0 /opt/libdragon/bin/../lib/gcc/mips64-elf/14.2.0/../../../../mips64-elf/lib/libdragon.a(inspector.o)
 .text.inspector
                0x800224a0     0x1040 /opt/libdragon/bin/../lib/gcc/mips64-elf/14.2.0/../../../../mips64-elf/lib/libdragon.a(inspector.o)
 .text.handler.4
                0x800234e0       0x40 /opt/libdragon/bin/../lib/gcc/mips64-elf/14.2.0/../../../../mips64-elf/lib/libdragon.a(inspector.o)
 .text.__inspector_exception
                0x80023520       0x20 /opt/libdragon/bin/../lib/gcc/mips64-elf/14.2.0/../../../../mips64-elf/lib/libdragon.a(inspector.o)
                0x80023520                __inspector_exception
 .text.__inspector_assertion
                0x80023540       0x20 /opt/libdragon/bin/../lib/gcc/mips64-elf/14.2.0/../../../../mips64-elf/lib/libdragon.a(inspector.o)
                0x80023540                __inspector_assertion
 .text.startup.__inspector_init
                0x80023560       0x20 /opt/libdragon/bin/../lib/gcc/mips64-elf/14.2.0/../../../../mips64-elf/lib/libdragon.a(inspector.o)
                0x80023560                __inspector_init
 .text.__sprite_upgrade.part.0
                0x80023580       0x40 /opt/libdragon/bin/../lib/gcc/mips64-elf/14.2.0/../../../../mips64-elf/lib/libdragon.a(sprite.o)
 .text.sprite_load_buf.part.0
                0x800235c0       0x40 /opt/libdragon/bin/../lib/gcc/mips64-elf/14.2.0/../../../../mips64-elf/lib/libdragon.a(sprite.o)
 .text.__sprite_ext
                0x80023600       0xa0 /opt/libdragon/bin/../lib/gcc/mips64-elf/14.2.0/../../../../mips64-elf/lib/libdragon.a(sprite.o)
                0x80023600                __sprite_ext
 .text.sprite_load_buf
                0x800236a0       0xe0 /opt/libdragon/bin/../lib/gcc/mips64-elf/14.2.0/../../../../mips64-elf/lib/libdragon.a(sprite.o)
                0x800236a0                sprite_load_buf
 .text.sprite_load
                0x80023780       0xe0 /opt/libdragon/bin/../lib/gcc/mips64-elf/14.2.0/../../../../mips64-elf/lib/libdragon.a(sprite.o)
                0x80023780                sprite_load
 .text.sprite_get_pixels
                0x80023860       0x60 /opt/libdragon/bin/../lib/gcc/mips64-elf/14.2.0/../../../../mips64-elf/lib/libdragon.a(sprite.o)
                0x80023860                sprite_get_pixels
 .text.sprite_get_lod_pixels
                0x800238c0      0x160 /opt/libdragon/bin/../lib/gcc/mips64-elf/14.2.0/../../../../mips64-elf/lib/libdragon.a(sprite.o)
                0x800238c0                sprite_get_lod_pixels
 .text.sprite_get_detail_texparms
                0x80023a20       0xa0 /opt/libdragon/bin/../lib/gcc/mips64-elf/14.2.0/../../../../mips64-elf/lib/libdragon.a(sprite.o)
                0x80023a20                sprite_get_detail_texparms
 .text.sprite_get_detail_pixels
                0x80023ac0      0x160 /opt/libdragon/bin/../lib/gcc/mips64-elf/14.2.0/../../../../mips64-elf/lib/libdragon.a(sprite.o)
                0x80023ac0                sprite_get_detail_pixels
 .text.sprite_get_palette
                0x80023c20       0x60 /opt/libdragon/bin/../lib/gcc/mips64-elf/14.2.0/../../../../mips64-elf/lib/libdragon.a(sprite.o)
                0x80023c20                sprite_get_palette
 .text.sprite_get_texparms
                0x80023c80       0xc0 /opt/libdragon/bin/../lib/gcc/mips64-elf/14.2.0/../../../../mips64-elf/lib/libdragon.a(sprite.o)
                0x80023c80                sprite_get_texparms
 .text.sprite_fits_tmem
                0x80023d40       0x40 /opt/libdragon/bin/../lib/gcc/mips64-elf/14.2.0/../../../../mips64-elf/lib/libdragon.a(sprite.o)
                0x80023d40                sprite_fits_tmem
 .text.sprite_is_shq
                0x80023d80       0x40 /opt/libdragon/bin/../lib/gcc/mips64-elf/14.2.0/../../../../mips64-elf/lib/libdragon.a(sprite.o)
                0x80023d80                sprite_is_shq
 .text.dma_write_raw_async.part.0
                0x80023dc0       0x40 /opt/libdragon/bin/../lib/gcc/mips64-elf/14.2.0/../../../../mips64-elf/lib/libdragon.a(dma.o)
 .text.dma_read_raw_async
                0x80023e00       0xa0 /opt/libdragon/bin/../lib/gcc/mips64-elf/14.2.0/../../../../mips64-elf/lib/libdragon.a(dma.o)
                0x80023e00                dma_read_raw_async
 .text.dma_read_async
                0x80023ea0      0x4e0 /opt/libdragon/bin/../lib/gcc/mips64-elf/14.2.0/../../../../mips64-elf/lib/libdragon.a(dma.o)
                0x80023ea0                dma_read_async
 .text.dma_read
                0x80024380       0x40 /opt/libdragon/bin/../lib/gcc/mips64-elf/14.2.0/../../../../mips64-elf/lib/libdragon.a(dma.o)
                0x80024380                dma_read
 .text.dma_write
                0x800243c0       0xa0 /opt/libdragon/bin/../lib/gcc/mips64-elf/14.2.0/../../../../mips64-elf/lib/libdragon.a(dma.o)
                0x800243c0                dma_write
 .text.io_read  0x80024460       0x60 /opt/libdragon/bin/../lib/gcc/mips64-elf/14.2.0/../../../../mips64-elf/lib/libdragon.a(dma.o)
                0x80024460                io_read
 .text.io_write
                0x800244c0       0x60 /opt/libdragon/bin/../lib/gcc/mips64-elf/14.2.0/../../../../mips64-elf/lib/libdragon.a(dma.o)
                0x800244c0                io_write
 .text.timer_update_compare
                0x80024520       0x40 /opt/libdragon/bin/../lib/gcc/mips64-elf/14.2.0/../../../../mips64-elf/lib/libdragon.a(timer.o)
 .text.timer_poll
                0x80024560      0x1a0 /opt/libdragon/bin/../lib/gcc/mips64-elf/14.2.0/../../../../mips64-elf/lib/libdragon.a(timer.o)
 .text.timer_init
                0x80024700       0x60 /opt/libdragon/bin/../lib/gcc/mips64-elf/14.2.0/../../../../mips64-elf/lib/libdragon.a(timer.o)
                0x80024700                timer_init
 .text.new_timer_context
                0x80024760      0x100 /opt/libdragon/bin/../lib/gcc/mips64-elf/14.2.0/../../../../mips64-elf/lib/libdragon.a(timer.o)
                0x80024760                new_timer_context
 .text.restart_timer
                0x80024860       0x80 /opt/libdragon/bin/../lib/gcc/mips64-elf/14.2.0/../../../../mips64-elf/lib/libdragon.a(timer.o)
                0x80024860                restart_timer
 .text.stop_timer
                0x800248e0       0xe0 /opt/libdragon/bin/../lib/gcc/mips64-elf/14.2.0/../../../../mips64-elf/lib/libdragon.a(timer.o)
                0x800248e0                stop_timer
 .text.timer_ticks
                0x800249c0       0x60 /opt/libdragon/bin/../lib/gcc/mips64-elf/14.2.0/../../../../mips64-elf/lib/libdragon.a(timer.o)
                0x800249c0                timer_ticks
 .text.cb.0     0x80024a20       0x40 /opt/libdragon/bin/../lib/gcc/mips64-elf/14.2.0/../../../../mips64-elf/lib/libdragon.a(exception.o)
 .text.cb.1     0x80024a60       0x80 /opt/libdragon/bin/../lib/gcc/mips64-elf/14.2.0/../../../../mips64-elf/lib/libdragon.a(exception.o)
 .text.is_unmapped_kx64
                0x80024ae0      0x1e0 /opt/libdragon/bin/../lib/gcc/mips64-elf/14.2.0/../../../../mips64-elf/lib/libdragon.a(exception.o)
 .text.__get_exception_name.isra.0
                0x80024cc0      0x360 /opt/libdragon/bin/../lib/gcc/mips64-elf/14.2.0/../../../../mips64-elf/lib/libdragon.a(exception.o)
 .text.__exception_dump_header
                0x80025020      0x300 /opt/libdragon/bin/../lib/gcc/mips64-elf/14.2.0/../../../../mips64-elf/lib/libdragon.a(exception.o)
                0x80025020                __exception_dump_header
 .text.__exception_dump_gpr
                0x80025320      0x160 /opt/libdragon/bin/../lib/gcc/mips64-elf/14.2.0/../../../../mips64-elf/lib/libdragon.a(exception.o)
                0x80025320                __exception_dump_gpr
 .text.__exception_dump_fpr
                0x80025480      0x2a0 /opt/libdragon/bin/../lib/gcc/mips64-elf/14.2.0/../../../../mips64-elf/lib/libdragon.a(exception.o)
                0x80025480                __exception_dump_fpr
 .text.exception_default_handler
                0x80025720      0x1a0 /opt/libdragon/bin/../lib/gcc/mips64-elf/14.2.0/../../../../mips64-elf/lib/libdragon.a(exception.o)
                0x80025720                exception_default_handler
 .text.__onCriticalException
                0x800258c0       0x60 /opt/libdragon/bin/../lib/gcc/mips64-elf/14.2.0/../../../../mips64-elf/lib/libdragon.a(exception.o)
                0x800258c0                __onCriticalException
 .text.register_syscall_handler
                0x80025920      0x1a0 /opt/libdragon/bin/../lib/gcc/mips64-elf/14.2.0/../../../../mips64-elf/lib/libdragon.a(exception.o)
                0x80025920                register_syscall_handler
 .text.__onSyscallException
                0x80025ac0      0x180 /opt/libdragon/bin/../lib/gcc/mips64-elf/14.2.0/../../../../mips64-elf/lib/libdragon.a(exception.o)
                0x80025ac0                __onSyscallException
 .text.__register_frame_info
                0x80025c40       0x20 /opt/libdragon/bin/../lib/gcc/mips64-elf/14.2.0/../../../../mips64-elf/lib/libdragon.a(do_ctors.o)
                0x80025c40                __register_frame_info
 .text.__wrap___do_global_ctors
                0x80025c60       0xe0 /opt/libdragon/bin/../lib/gcc/mips64-elf/14.2.0/../../../../mips64-elf/lib/libdragon.a(do_ctors.o)
                0x80025c60                __wrap___do_global_ctors
 .text.rspq_switch_context
                0x80025d40       0x60 /opt/libdragon/bin/../lib/gcc/mips64-elf/14.2.0/../../../../mips64-elf/lib/libdragon.a(rspq.o)
 .text.rspq_flush_internal
                0x80025da0       0x40 /opt/libdragon/bin/../lib/gcc/mips64-elf/14.2.0/../../../../mips64-elf/lib/libdragon.a(rspq.o)
 .text.rspq_sp_interrupt
                0x80025de0       0xa0 /opt/libdragon/bin/../lib/gcc/mips64-elf/14.2.0/../../../../mips64-elf/lib/libdragon.a(rspq.o)
 .text.rspq_init_context
                0x80025e80       0xa0 /opt/libdragon/bin/../lib/gcc/mips64-elf/14.2.0/../../../../mips64-elf/lib/libdragon.a(rspq.o)
 .text.rspq_switch_buffer.part.0
                0x80025f20       0x40 /opt/libdragon/bin/../lib/gcc/mips64-elf/14.2.0/../../../../mips64-elf/lib/libdragon.a(rspq.o)
 .text.rspq_crash_handler
                0x80025f60      0x320 /opt/libdragon/bin/../lib/gcc/mips64-elf/14.2.0/../../../../mips64-elf/lib/libdragon.a(rspq.o)
 .text.rspq_assert_handler
                0x80026280      0x100 /opt/libdragon/bin/../lib/gcc/mips64-elf/14.2.0/../../../../mips64-elf/lib/libdragon.a(rspq.o)
 .text.rspq_init
                0x80026380      0x3c0 /opt/libdragon/bin/../lib/gcc/mips64-elf/14.2.0/../../../../mips64-elf/lib/libdragon.a(rspq.o)
                0x80026380                rspq_init
 .text.rspq_flush
                0x80026740       0x40 /opt/libdragon/bin/../lib/gcc/mips64-elf/14.2.0/../../../../mips64-elf/lib/libdragon.a(rspq.o)
                0x80026740                rspq_flush
 .text.rspq_highpri_begin
                0x80026780      0x120 /opt/libdragon/bin/../lib/gcc/mips64-elf/14.2.0/../../../../mips64-elf/lib/libdragon.a(rspq.o)
                0x80026780                rspq_highpri_begin
 .text.rspq_highpri_end
                0x800268a0       0xa0 /opt/libdragon/bin/../lib/gcc/mips64-elf/14.2.0/../../../../mips64-elf/lib/libdragon.a(rspq.o)
                0x800268a0                rspq_highpri_end
 .text.rspq_block_begin
                0x80026940      0x100 /opt/libdragon/bin/../lib/gcc/mips64-elf/14.2.0/../../../../mips64-elf/lib/libdragon.a(rspq.o)
                0x80026940                rspq_block_begin
 .text.rspq_block_end
                0x80026a40       0xa0 /opt/libdragon/bin/../lib/gcc/mips64-elf/14.2.0/../../../../mips64-elf/lib/libdragon.a(rspq.o)
                0x80026a40                rspq_block_end
 .text.rspq_block_free
                0x80026ae0       0xe0 /opt/libdragon/bin/../lib/gcc/mips64-elf/14.2.0/../../../../mips64-elf/lib/libdragon.a(rspq.o)
                0x80026ae0                rspq_block_free
 .text.__rspq_deferred_poll
                0x80026bc0       0xe0 /opt/libdragon/bin/../lib/gcc/mips64-elf/14.2.0/../../../../mips64-elf/lib/libdragon.a(rspq.o)
                0x80026bc0                __rspq_deferred_poll
 .text.rspq_next_buffer
                0x80026ca0      0x2e0 /opt/libdragon/bin/../lib/gcc/mips64-elf/14.2.0/../../../../mips64-elf/lib/libdragon.a(rspq.o)
                0x80026ca0                rspq_next_buffer
 .text.rspq_block_run
                0x80026f80      0x100 /opt/libdragon/bin/../lib/gcc/mips64-elf/14.2.0/../../../../mips64-elf/lib/libdragon.a(rspq.o)
                0x80026f80                rspq_block_run
 .text.rspq_syncpoint_new
                0x80027080       0xe0 /opt/libdragon/bin/../lib/gcc/mips64-elf/14.2.0/../../../../mips64-elf/lib/libdragon.a(rspq.o)
                0x80027080                rspq_syncpoint_new
 .text.rspq_overlay_register_internal
                0x80027160      0x540 /opt/libdragon/bin/../lib/gcc/mips64-elf/14.2.0/../../../../mips64-elf/lib/libdragon.a(rspq.o)
 .text.rspq_overlay_register
                0x800276a0       0x20 /opt/libdragon/bin/../lib/gcc/mips64-elf/14.2.0/../../../../mips64-elf/lib/libdragon.a(rspq.o)
                0x800276a0                rspq_overlay_register
 .text.rspq_overlay_register_static
                0x800276c0       0x60 /opt/libdragon/bin/../lib/gcc/mips64-elf/14.2.0/../../../../mips64-elf/lib/libdragon.a(rspq.o)
                0x800276c0                rspq_overlay_register_static
 .text.rspq_syncpoint_wait
                0x80027720      0x160 /opt/libdragon/bin/../lib/gcc/mips64-elf/14.2.0/../../../../mips64-elf/lib/libdragon.a(rspq.o)
                0x80027720                rspq_syncpoint_wait
 .text.rspq_wait
                0x80027880      0x240 /opt/libdragon/bin/../lib/gcc/mips64-elf/14.2.0/../../../../mips64-elf/lib/libdragon.a(rspq.o)
                0x80027880                rspq_wait
 .text.rspq_overlay_get_state
                0x80027ac0      0x160 /opt/libdragon/bin/../lib/gcc/mips64-elf/14.2.0/../../../../mips64-elf/lib/libdragon.a(rspq.o)
                0x80027ac0                rspq_overlay_get_state
 .text.__rdpq_interrupt
                0x80027c20       0xc0 /opt/libdragon/bin/../lib/gcc/mips64-elf/14.2.0/../../../../mips64-elf/lib/libdragon.a(rdpq.o)
 .text.rdpq_assert_handler
                0x80027ce0       0xc0 /opt/libdragon/bin/../lib/gcc/mips64-elf/14.2.0/../../../../mips64-elf/lib/libdragon.a(rdpq.o)
 .text.rdpq_set_tile
                0x80027da0      0x260 /opt/libdragon/bin/../lib/gcc/mips64-elf/14.2.0/../../../../mips64-elf/lib/libdragon.a(rdpq.o)
                0x80027da0                rdpq_set_tile
 .text.rdpq_config_set
                0x80028000       0x20 /opt/libdragon/bin/../lib/gcc/mips64-elf/14.2.0/../../../../mips64-elf/lib/libdragon.a(rdpq.o)
                0x80028000                rdpq_config_set
 .text.rdpq_config_disable
                0x80028020       0x20 /opt/libdragon/bin/../lib/gcc/mips64-elf/14.2.0/../../../../mips64-elf/lib/libdragon.a(rdpq.o)
                0x80028020                rdpq_config_disable
 .text.__rdpq_block_begin
                0x80028040       0x40 /opt/libdragon/bin/../lib/gcc/mips64-elf/14.2.0/../../../../mips64-elf/lib/libdragon.a(rdpq.o)
                0x80028040                __rdpq_block_begin
 .text.__rdpq_block_next_buffer
                0x80028080      0x1e0 /opt/libdragon/bin/../lib/gcc/mips64-elf/14.2.0/../../../../mips64-elf/lib/libdragon.a(rdpq.o)
                0x80028080                __rdpq_block_next_buffer
 .text.rdpq_fence
                0x80028260      0x140 /opt/libdragon/bin/../lib/gcc/mips64-elf/14.2.0/../../../../mips64-elf/lib/libdragon.a(rdpq.o)
                0x80028260                rdpq_fence
 .text.__rdpq_block_end
                0x800283a0       0x40 /opt/libdragon/bin/../lib/gcc/mips64-elf/14.2.0/../../../../mips64-elf/lib/libdragon.a(rdpq.o)
                0x800283a0                __rdpq_block_end
 .text.__rdpq_block_run
                0x800283e0       0xa0 /opt/libdragon/bin/../lib/gcc/mips64-elf/14.2.0/../../../../mips64-elf/lib/libdragon.a(rdpq.o)
                0x800283e0                __rdpq_block_run
 .text.__rdpq_block_free
                0x80028480       0x60 /opt/libdragon/bin/../lib/gcc/mips64-elf/14.2.0/../../../../mips64-elf/lib/libdragon.a(rdpq.o)
                0x80028480                __rdpq_block_free
 .text.__rdpq_block_reserve
                0x800284e0      0x120 /opt/libdragon/bin/../lib/gcc/mips64-elf/14.2.0/../../../../mips64-elf/lib/libdragon.a(rdpq.o)
                0x800284e0                __rdpq_block_reserve
 .text.__rdpq_block_update
                0x80028600      0x120 /opt/libdragon/bin/../lib/gcc/mips64-elf/14.2.0/../../../../mips64-elf/lib/libdragon.a(rdpq.o)
                0x80028600                __rdpq_block_update
 .text.__rdpq_write8
                0x80028720       0xe0 /opt/libdragon/bin/../lib/gcc/mips64-elf/14.2.0/../../../../mips64-elf/lib/libdragon.a(rdpq.o)
                0x80028720                __rdpq_write8
 .text.__rdpq_autosync_change
                0x80028800      0x140 /opt/libdragon/bin/../lib/gcc/mips64-elf/14.2.0/../../../../mips64-elf/lib/libdragon.a(rdpq.o)
                0x80028800                __rdpq_autosync_change
 .text.__rdpq_write8_syncchange
                0x80028940       0x60 /opt/libdragon/bin/../lib/gcc/mips64-elf/14.2.0/../../../../mips64-elf/lib/libdragon.a(rdpq.o)
                0x80028940                __rdpq_write8_syncchange
 .text.rdpq_set_blend_color
                0x800289a0       0x20 /opt/libdragon/bin/../lib/gcc/mips64-elf/14.2.0/../../../../mips64-elf/lib/libdragon.a(rdpq.o)
                0x800289a0                rdpq_set_blend_color
 .text.rdpq_set_env_color
                0x800289c0       0x20 /opt/libdragon/bin/../lib/gcc/mips64-elf/14.2.0/../../../../mips64-elf/lib/libdragon.a(rdpq.o)
                0x800289c0                rdpq_set_env_color
 .text.__rdpq_fixup_write8_syncchange
                0x800289e0      0x140 /opt/libdragon/bin/../lib/gcc/mips64-elf/14.2.0/../../../../mips64-elf/lib/libdragon.a(rdpq.o)
                0x800289e0                __rdpq_fixup_write8_syncchange
 .text.rdpq_set_prim_color
                0x80028b20       0x20 /opt/libdragon/bin/../lib/gcc/mips64-elf/14.2.0/../../../../mips64-elf/lib/libdragon.a(rdpq.o)
                0x80028b20                rdpq_set_prim_color
 .text.__rdpq_write8_syncchangeuse
                0x80028b40       0x80 /opt/libdragon/bin/../lib/gcc/mips64-elf/14.2.0/../../../../mips64-elf/lib/libdragon.a(rdpq.o)
                0x80028b40                __rdpq_write8_syncchangeuse
 .text.__rdpq_set_scissor
                0x80028bc0      0x100 /opt/libdragon/bin/../lib/gcc/mips64-elf/14.2.0/../../../../mips64-elf/lib/libdragon.a(rdpq.o)
                0x80028bc0                __rdpq_set_scissor
 .text.__rdpq_set_fill_color
                0x80028cc0      0x100 /opt/libdragon/bin/../lib/gcc/mips64-elf/14.2.0/../../../../mips64-elf/lib/libdragon.a(rdpq.o)
                0x80028cc0                __rdpq_set_fill_color
 .text.__rdpq_set_color_image
                0x80028dc0      0x140 /opt/libdragon/bin/../lib/gcc/mips64-elf/14.2.0/../../../../mips64-elf/lib/libdragon.a(rdpq.o)
                0x80028dc0                __rdpq_set_color_image
 .text.rdpq_set_color_image
                0x80028f00      0x200 /opt/libdragon/bin/../lib/gcc/mips64-elf/14.2.0/../../../../mips64-elf/lib/libdragon.a(rdpq.o)
                0x80028f00                rdpq_set_color_image
 .text.rdpq_set_z_image
                0x80029100       0xc0 /opt/libdragon/bin/../lib/gcc/mips64-elf/14.2.0/../../../../mips64-elf/lib/libdragon.a(rdpq.o)
                0x80029100                rdpq_set_z_image
 .text.rdpq_set_texture_image
                0x800291c0      0x160 /opt/libdragon/bin/../lib/gcc/mips64-elf/14.2.0/../../../../mips64-elf/lib/libdragon.a(rdpq.o)
                0x800291c0                rdpq_set_texture_image
 .text.__rdpq_set_other_modes
                0x80029320      0x140 /opt/libdragon/bin/../lib/gcc/mips64-elf/14.2.0/../../../../mips64-elf/lib/libdragon.a(rdpq.o)
                0x80029320                __rdpq_set_other_modes
 .text.rdpq_init
                0x80029460      0x1c0 /opt/libdragon/bin/../lib/gcc/mips64-elf/14.2.0/../../../../mips64-elf/lib/libdragon.a(rdpq.o)
                0x80029460                rdpq_init
 .text.__rdpq_change_other_modes
                0x80029620      0x180 /opt/libdragon/bin/../lib/gcc/mips64-elf/14.2.0/../../../../mips64-elf/lib/libdragon.a(rdpq.o)
                0x80029620                __rdpq_change_other_modes
 .text.rdpq_set_tile_autotmem
                0x800297a0       0xa0 /opt/libdragon/bin/../lib/gcc/mips64-elf/14.2.0/../../../../mips64-elf/lib/libdragon.a(rdpq.o)
                0x800297a0                rdpq_set_tile_autotmem
 .text.rdpq_sync_full
                0x80029840      0x120 /opt/libdragon/bin/../lib/gcc/mips64-elf/14.2.0/../../../../mips64-elf/lib/libdragon.a(rdpq.o)
                0x80029840                rdpq_sync_full
 .text.rdpq_sync_pipe
                0x80029960       0x60 /opt/libdragon/bin/../lib/gcc/mips64-elf/14.2.0/../../../../mips64-elf/lib/libdragon.a(rdpq.o)
                0x80029960                rdpq_sync_pipe
 .text.rdpq_sync_tile
                0x800299c0       0x60 /opt/libdragon/bin/../lib/gcc/mips64-elf/14.2.0/../../../../mips64-elf/lib/libdragon.a(rdpq.o)
                0x800299c0                rdpq_sync_tile
 .text.rdpq_sync_load
                0x80029a20       0x60 /opt/libdragon/bin/../lib/gcc/mips64-elf/14.2.0/../../../../mips64-elf/lib/libdragon.a(rdpq.o)
                0x80029a20                rdpq_sync_load
 .text.__rdpq_fill_rectangle
                0x80029a80      0x120 /opt/libdragon/bin/../lib/gcc/mips64-elf/14.2.0/../../../../mips64-elf/lib/libdragon.a(rdpq_rect.o)
                0x80029a80                __rdpq_fill_rectangle
 .text.__rdpq_fill_rectangle_offline
                0x80029ba0       0x80 /opt/libdragon/bin/../lib/gcc/mips64-elf/14.2.0/../../../../mips64-elf/lib/libdragon.a(rdpq_rect.o)
                0x80029ba0                __rdpq_fill_rectangle_offline
 .text.__rdpq_texture_rectangle
                0x80029c20      0x1a0 /opt/libdragon/bin/../lib/gcc/mips64-elf/14.2.0/../../../../mips64-elf/lib/libdragon.a(rdpq_rect.o)
                0x80029c20                __rdpq_texture_rectangle
 .text.__rdpq_texture_rectangle_offline
                0x80029dc0      0x240 /opt/libdragon/bin/../lib/gcc/mips64-elf/14.2.0/../../../../mips64-elf/lib/libdragon.a(rdpq_rect.o)
                0x80029dc0                __rdpq_texture_rectangle_offline
 .text.__rdpq_fixup_mode
                0x8002a000       0xc0 /opt/libdragon/bin/../lib/gcc/mips64-elf/14.2.0/../../../../mips64-elf/lib/libdragon.a(rdpq_mode.o)
                0x8002a000                __rdpq_fixup_mode
 .text.rdpq_mode_blender
                0x8002a0c0       0x20 /opt/libdragon/bin/../lib/gcc/mips64-elf/14.2.0/../../../../mips64-elf/lib/libdragon.a(rdpq_mode.o)
                0x8002a0c0                rdpq_mode_blender
 .text.__rdpq_fixup_mode3
                0x8002a0e0       0xe0 /opt/libdragon/bin/../lib/gcc/mips64-elf/14.2.0/../../../../mips64-elf/lib/libdragon.a(rdpq_mode.o)
                0x8002a0e0                __rdpq_fixup_mode3
 .text.__rdpq_mode_change_som
                0x8002a1c0       0xa0 /opt/libdragon/bin/../lib/gcc/mips64-elf/14.2.0/../../../../mips64-elf/lib/libdragon.a(rdpq_mode.o)
                0x8002a1c0                __rdpq_mode_change_som
 .text.rdpq_mode_dithering
                0x8002a260       0x20 /opt/libdragon/bin/../lib/gcc/mips64-elf/14.2.0/../../../../mips64-elf/lib/libdragon.a(rdpq_mode.o)
                0x8002a260                rdpq_mode_dithering
 .text.rdpq_mode_filter
                0x8002a280       0x20 /opt/libdragon/bin/../lib/gcc/mips64-elf/14.2.0/../../../../mips64-elf/lib/libdragon.a(rdpq_mode.o)
                0x8002a280                rdpq_mode_filter
 .text.rdpq_mode_persp
                0x8002a2a0       0x20 /opt/libdragon/bin/../lib/gcc/mips64-elf/14.2.0/../../../../mips64-elf/lib/libdragon.a(rdpq_mode.o)
                0x8002a2a0                rdpq_mode_persp
 .text.rdpq_mode_fog
                0x8002a2c0       0xc0 /opt/libdragon/bin/../lib/gcc/mips64-elf/14.2.0/../../../../mips64-elf/lib/libdragon.a(rdpq_mode.o)
                0x8002a2c0                rdpq_mode_fog
 .text.rdpq_mode_antialias
                0x8002a380       0x60 /opt/libdragon/bin/../lib/gcc/mips64-elf/14.2.0/../../../../mips64-elf/lib/libdragon.a(rdpq_mode.o)
                0x8002a380                rdpq_mode_antialias
 .text.__rdpq_fixup_mode4
                0x8002a3e0       0xe0 /opt/libdragon/bin/../lib/gcc/mips64-elf/14.2.0/../../../../mips64-elf/lib/libdragon.a(rdpq_mode.o)
                0x8002a3e0                __rdpq_fixup_mode4
 .text.rdpq_mode_combiner
                0x8002a4c0      0x100 /opt/libdragon/bin/../lib/gcc/mips64-elf/14.2.0/../../../../mips64-elf/lib/libdragon.a(rdpq_mode.o)
                0x8002a4c0                rdpq_mode_combiner
 .text.__rdpq_reset_render_mode
                0x8002a5c0      0x100 /opt/libdragon/bin/../lib/gcc/mips64-elf/14.2.0/../../../../mips64-elf/lib/libdragon.a(rdpq_mode.o)
                0x8002a5c0                __rdpq_reset_render_mode
 .text.rdpq_mode_push
                0x8002a6c0       0x40 /opt/libdragon/bin/../lib/gcc/mips64-elf/14.2.0/../../../../mips64-elf/lib/libdragon.a(rdpq_mode.o)
                0x8002a6c0                rdpq_mode_push
 .text.rdpq_mode_pop
                0x8002a700       0x20 /opt/libdragon/bin/../lib/gcc/mips64-elf/14.2.0/../../../../mips64-elf/lib/libdragon.a(rdpq_mode.o)
                0x8002a700                rdpq_mode_pop
 .text.__rdpq_set_mode_fill
                0x8002a720       0x80 /opt/libdragon/bin/../lib/gcc/mips64-elf/14.2.0/../../../../mips64-elf/lib/libdragon.a(rdpq_mode.o)
                0x8002a720                __rdpq_set_mode_fill
 .text.rdpq_set_mode_copy
                0x8002a7a0       0x80 /opt/libdragon/bin/../lib/gcc/mips64-elf/14.2.0/../../../../mips64-elf/lib/libdragon.a(rdpq_mode.o)
                0x8002a7a0                rdpq_set_mode_copy
 .text.rdpq_set_mode_standard
                0x8002a820       0xc0 /opt/libdragon/bin/../lib/gcc/mips64-elf/14.2.0/../../../../mips64-elf/lib/libdragon.a(rdpq_mode.o)
                0x8002a820                rdpq_set_mode_standard
 .text.rdpq_mode_begin
                0x8002a8e0       0x40 /opt/libdragon/bin/../lib/gcc/mips64-elf/14.2.0/../../../../mips64-elf/lib/libdragon.a(rdpq_mode.o)
                0x8002a8e0                rdpq_mode_begin
 .text.rdpq_mode_end
                0x8002a920       0x40 /opt/libdragon/bin/../lib/gcc/mips64-elf/14.2.0/../../../../mips64-elf/lib/libdragon.a(rdpq_mode.o)
                0x8002a920                rdpq_mode_end
 .text.sprite_upload_palette
                0x8002a960       0xe0 /opt/libdragon/bin/../lib/gcc/mips64-elf/14.2.0/../../../../mips64-elf/lib/libdragon.a(rdpq_sprite.o)
 .text.__rdpq_sprite_upload
                0x8002aa40      0x480 /opt/libdragon/bin/../lib/gcc/mips64-elf/14.2.0/../../../../mips64-elf/lib/libdragon.a(rdpq_sprite.o)
                0x8002aa40                __rdpq_sprite_upload
 .text.rdpq_sprite_upload
                0x8002aec0       0x20 /opt/libdragon/bin/../lib/gcc/mips64-elf/14.2.0/../../../../mips64-elf/lib/libdragon.a(rdpq_sprite.o)
                0x8002aec0                rdpq_sprite_upload
 .text.texload_recalc_tileparms
                0x8002aee0      0x3e0 /opt/libdragon/bin/../lib/gcc/mips64-elf/14.2.0/../../../../mips64-elf/lib/libdragon.a(rdpq_tex.o)
 .text.texload_set_rect
                0x8002b2c0      0x240 /opt/libdragon/bin/../lib/gcc/mips64-elf/14.2.0/../../../../mips64-elf/lib/libdragon.a(rdpq_tex.o)
 .text.rdpq_load_block.part.0
                0x8002b500       0x40 /opt/libdragon/bin/../lib/gcc/mips64-elf/14.2.0/../../../../mips64-elf/lib/libdragon.a(rdpq_tex.o)
 .text.texload_tile
                0x8002b540      0x260 /opt/libdragon/bin/../lib/gcc/mips64-elf/14.2.0/../../../../mips64-elf/lib/libdragon.a(rdpq_tex.o)
 .text.texload_tile_4bpp
                0x8002b7a0      0x380 /opt/libdragon/bin/../lib/gcc/mips64-elf/14.2.0/../../../../mips64-elf/lib/libdragon.a(rdpq_tex.o)
 .text.texload_block_4bpp
                0x8002bb20      0x460 /opt/libdragon/bin/../lib/gcc/mips64-elf/14.2.0/../../../../mips64-elf/lib/libdragon.a(rdpq_tex.o)
 .text.texload_block_8bpp
                0x8002bf80      0x400 /opt/libdragon/bin/../lib/gcc/mips64-elf/14.2.0/../../../../mips64-elf/lib/libdragon.a(rdpq_tex.o)
 .text.texload_block
                0x8002c380      0x400 /opt/libdragon/bin/../lib/gcc/mips64-elf/14.2.0/../../../../mips64-elf/lib/libdragon.a(rdpq_tex.o)
 .text.tex_loader_load
                0x8002c780      0x120 /opt/libdragon/bin/../lib/gcc/mips64-elf/14.2.0/../../../../mips64-elf/lib/libdragon.a(rdpq_tex.o)
                0x8002c780                tex_loader_load
 .text.rdpq_tex_upload_sub
                0x8002c8a0      0x240 /opt/libdragon/bin/../lib/gcc/mips64-elf/14.2.0/../../../../mips64-elf/lib/libdragon.a(rdpq_tex.o)
                0x8002c8a0                rdpq_tex_upload_sub
 .text.rdpq_tex_upload
                0x8002cae0       0x40 /opt/libdragon/bin/../lib/gcc/mips64-elf/14.2.0/../../../../mips64-elf/lib/libdragon.a(rdpq_tex.o)
                0x8002cae0                rdpq_tex_upload
 .text.rdpq_tex_reuse_sub
                0x8002cb20      0x520 /opt/libdragon/bin/../lib/gcc/mips64-elf/14.2.0/../../../../mips64-elf/lib/libdragon.a(rdpq_tex.o)
                0x8002cb20                rdpq_tex_reuse_sub
 .text.rdpq_tex_reuse
                0x8002d040       0x40 /opt/libdragon/bin/../lib/gcc/mips64-elf/14.2.0/../../../../mips64-elf/lib/libdragon.a(rdpq_tex.o)
                0x8002d040                rdpq_tex_reuse
 .text.rdpq_tex_upload_tlut
                0x8002d080      0x140 /opt/libdragon/bin/../lib/gcc/mips64-elf/14.2.0/../../../../mips64-elf/lib/libdragon.a(rdpq_tex.o)
                0x8002d080                rdpq_tex_upload_tlut
 .text.rdpq_tex_multi_begin
                0x8002d1c0       0x60 /opt/libdragon/bin/../lib/gcc/mips64-elf/14.2.0/../../../../mips64-elf/lib/libdragon.a(rdpq_tex.o)
                0x8002d1c0                rdpq_tex_multi_begin
 .text.rdpq_tex_multi_end